Component: ARM Compiler 5.06 update 4 (build 422) Tool: armlink [4d35d2]

==============================================================================

Section Cross References

    startup_stm32f10x_hd.o(RESET) refers to startup_stm32f10x_hd.o(STACK) for __initial_sp
    startup_stm32f10x_hd.o(RESET) refers to startup_stm32f10x_hd.o(.text) for Reset_Handler
    startup_stm32f10x_hd.o(RESET) refers to stm32f10x_it.o(i.NMI_Handler) for NMI_Handler
    startup_stm32f10x_hd.o(RESET) refers to stm32f10x_it.o(i.HardFault_Handler) for HardFault_Handler
    startup_stm32f10x_hd.o(RESET) refers to stm32f10x_it.o(i.MemManage_Handler) for MemManage_Handler
    startup_stm32f10x_hd.o(RESET) refers to stm32f10x_it.o(i.BusFault_Handler) for BusFault_Handler
    startup_stm32f10x_hd.o(RESET) refers to stm32f10x_it.o(i.UsageFault_Handler) for UsageFault_Handler
    startup_stm32f10x_hd.o(RESET) refers to stm32f10x_it.o(i.SVC_Handler) for SVC_Handler
    startup_stm32f10x_hd.o(RESET) refers to stm32f10x_it.o(i.DebugMon_Handler) for DebugMon_Handler
    startup_stm32f10x_hd.o(RESET) refers to stm32f10x_it.o(i.PendSV_Handler) for PendSV_Handler
    startup_stm32f10x_hd.o(RESET) refers to stm32f10x_it.o(i.SysTick_Handler) for SysTick_Handler
    startup_stm32f10x_hd.o(RESET) refers to appbase.o(i.EXTI9_5_IRQHandler) for EXTI9_5_IRQHandler
    startup_stm32f10x_hd.o(RESET) refers to bsp_usartx.o(i.USART1_IRQHandler) for USART1_IRQHandler
    startup_stm32f10x_hd.o(RESET) refers to stm32f10x_it.o(i.TIM6_IRQHandler) for TIM6_IRQHandler
    startup_stm32f10x_hd.o(.text) refers to system_stm32f10x.o(i.SystemInit) for SystemInit
    startup_stm32f10x_hd.o(.text) refers to entry.o(.ARM.Collect$$$$00000000) for __main
    system_stm32f10x.o(i.SetSysClock) refers to system_stm32f10x.o(i.SetSysClockTo72) for SetSysClockTo72
    system_stm32f10x.o(i.SystemCoreClockUpdate) refers to system_stm32f10x.o(.data) for SystemCoreClock
    system_stm32f10x.o(i.SystemInit) refers to system_stm32f10x.o(i.SetSysClock) for SetSysClock
    main.o(i.main) refers to appbase.o(i.RCC_Configuration) for RCC_Configuration
    main.o(i.main) refers to appbase.o(i.GPIO_Configuration) for GPIO_Configuration
    main.o(i.main) refers to delay.o(i.Timer0_init_quanzhou) for Timer0_init_quanzhou
    main.o(i.main) refers to bsp_usartx.o(i.RS485_USARTx_Config) for RS485_USARTx_Config
    main.o(i.main) refers to bsp_usartx.o(i.RS232_USARTx_Config) for RS232_USARTx_Config
    main.o(i.main) refers to appbase.o(i.X1_EXIT_Config) for X1_EXIT_Config
    stm32f10x_it.o(i.SysTick_Handler) refers to bsp_systick.o(i.TimingDelay_Decrement) for TimingDelay_Decrement
    stm32f10x_it.o(i.TIM6_IRQHandler) refers to stm32f10x_tim.o(i.TIM_GetITStatus) for TIM_GetITStatus
    stm32f10x_it.o(i.TIM6_IRQHandler) refers to stm32f10x_it.o(i.send_bianliang) for send_bianliang
    stm32f10x_it.o(i.TIM6_IRQHandler) refers to delay.o(i.Delay_qz_sub) for Delay_qz_sub
    stm32f10x_it.o(i.TIM6_IRQHandler) refers to stm32f10x_tim.o(i.TIM_ClearITPendingBit) for TIM_ClearITPendingBit
    stm32f10x_it.o(i.TIM6_IRQHandler) refers to main.o(.data) for timer_count
    stm32f10x_it.o(i.TIM6_IRQHandler) refers to stm32f10x_it.o(.data) for num_timer
    stm32f10x_tim.o(i.TIM_DeInit) refers to stm32f10x_rcc.o(i.RCC_APB2PeriphResetCmd) for RCC_APB2PeriphResetCmd
    stm32f10x_tim.o(i.TIM_DeInit) refers to stm32f10x_rcc.o(i.RCC_APB1PeriphResetCmd) for RCC_APB1PeriphResetCmd
    stm32f10x_tim.o(i.TIM_ETRClockMode1Config) refers to stm32f10x_tim.o(i.TIM_ETRConfig) for TIM_ETRConfig
    stm32f10x_tim.o(i.TIM_ETRClockMode2Config) refers to stm32f10x_tim.o(i.TIM_ETRConfig) for TIM_ETRConfig
    stm32f10x_tim.o(i.TIM_ICInit) refers to stm32f10x_tim.o(i.TI1_Config) for TI1_Config
    stm32f10x_tim.o(i.TIM_ICInit) refers to stm32f10x_tim.o(i.TIM_SetIC1Prescaler) for TIM_SetIC1Prescaler
    stm32f10x_tim.o(i.TIM_ICInit) refers to stm32f10x_tim.o(i.TI2_Config) for TI2_Config
    stm32f10x_tim.o(i.TIM_ICInit) refers to stm32f10x_tim.o(i.TIM_SetIC2Prescaler) for TIM_SetIC2Prescaler
    stm32f10x_tim.o(i.TIM_ICInit) refers to stm32f10x_tim.o(i.TI3_Config) for TI3_Config
    stm32f10x_tim.o(i.TIM_ICInit) refers to stm32f10x_tim.o(i.TIM_SetIC3Prescaler) for TIM_SetIC3Prescaler
    stm32f10x_tim.o(i.TIM_ICInit) refers to stm32f10x_tim.o(i.TI4_Config) for TI4_Config
    stm32f10x_tim.o(i.TIM_ICInit) refers to stm32f10x_tim.o(i.TIM_SetIC4Prescaler) for TIM_SetIC4Prescaler
    stm32f10x_tim.o(i.TIM_ITRxExternalClockConfig) refers to stm32f10x_tim.o(i.TIM_SelectInputTrigger) for TIM_SelectInputTrigger
    stm32f10x_tim.o(i.TIM_PWMIConfig) refers to stm32f10x_tim.o(i.TI1_Config) for TI1_Config
    stm32f10x_tim.o(i.TIM_PWMIConfig) refers to stm32f10x_tim.o(i.TIM_SetIC1Prescaler) for TIM_SetIC1Prescaler
    stm32f10x_tim.o(i.TIM_PWMIConfig) refers to stm32f10x_tim.o(i.TI2_Config) for TI2_Config
    stm32f10x_tim.o(i.TIM_PWMIConfig) refers to stm32f10x_tim.o(i.TIM_SetIC2Prescaler) for TIM_SetIC2Prescaler
    stm32f10x_tim.o(i.TIM_TIxExternalClockConfig) refers to stm32f10x_tim.o(i.TI2_Config) for TI2_Config
    stm32f10x_tim.o(i.TIM_TIxExternalClockConfig) refers to stm32f10x_tim.o(i.TI1_Config) for TI1_Config
    stm32f10x_tim.o(i.TIM_TIxExternalClockConfig) refers to stm32f10x_tim.o(i.TIM_SelectInputTrigger) for TIM_SelectInputTrigger
    stm32f10x_usart.o(i.USART_DeInit) refers to stm32f10x_rcc.o(i.RCC_APB2PeriphResetCmd) for RCC_APB2PeriphResetCmd
    stm32f10x_usart.o(i.USART_DeInit) refers to stm32f10x_rcc.o(i.RCC_APB1PeriphResetCmd) for RCC_APB1PeriphResetCmd
    stm32f10x_usart.o(i.USART_Init) refers to stm32f10x_rcc.o(i.RCC_GetClocksFreq) for RCC_GetClocksFreq
    stm32f10x_rcc.o(i.RCC_GetClocksFreq) refers to stm32f10x_rcc.o(.data) for APBAHBPrescTable
    stm32f10x_rcc.o(i.RCC_WaitForHSEStartUp) refers to stm32f10x_rcc.o(i.RCC_GetFlagStatus) for RCC_GetFlagStatus
    stm32f10x_gpio.o(i.GPIO_AFIODeInit) refers to stm32f10x_rcc.o(i.RCC_APB2PeriphResetCmd) for RCC_APB2PeriphResetCmd
    stm32f10x_gpio.o(i.GPIO_DeInit) refers to stm32f10x_rcc.o(i.RCC_APB2PeriphResetCmd) for RCC_APB2PeriphResetCmd
    stm32f10x_flash.o(i.FLASH_EnableWriteProtection) refers to stm32f10x_flash.o(i.FLASH_WaitForLastOperation) for FLASH_WaitForLastOperation
    stm32f10x_flash.o(i.FLASH_EraseAllBank1Pages) refers to stm32f10x_flash.o(i.FLASH_WaitForLastBank1Operation) for FLASH_WaitForLastBank1Operation
    stm32f10x_flash.o(i.FLASH_EraseAllPages) refers to stm32f10x_flash.o(i.FLASH_WaitForLastOperation) for FLASH_WaitForLastOperation
    stm32f10x_flash.o(i.FLASH_EraseOptionBytes) refers to stm32f10x_flash.o(i.FLASH_GetReadOutProtectionStatus) for FLASH_GetReadOutProtectionStatus
    stm32f10x_flash.o(i.FLASH_EraseOptionBytes) refers to stm32f10x_flash.o(i.FLASH_WaitForLastOperation) for FLASH_WaitForLastOperation
    stm32f10x_flash.o(i.FLASH_ErasePage) refers to stm32f10x_flash.o(i.FLASH_WaitForLastOperation) for FLASH_WaitForLastOperation
    stm32f10x_flash.o(i.FLASH_ProgramHalfWord) refers to stm32f10x_flash.o(i.FLASH_WaitForLastOperation) for FLASH_WaitForLastOperation
    stm32f10x_flash.o(i.FLASH_ProgramOptionByteData) refers to stm32f10x_flash.o(i.FLASH_WaitForLastOperation) for FLASH_WaitForLastOperation
    stm32f10x_flash.o(i.FLASH_ProgramWord) refers to stm32f10x_flash.o(i.FLASH_WaitForLastOperation) for FLASH_WaitForLastOperation
    stm32f10x_flash.o(i.FLASH_ReadOutProtection) refers to stm32f10x_flash.o(i.FLASH_WaitForLastOperation) for FLASH_WaitForLastOperation
    stm32f10x_flash.o(i.FLASH_UserOptionByteConfig) refers to stm32f10x_flash.o(i.FLASH_WaitForLastOperation) for FLASH_WaitForLastOperation
    stm32f10x_flash.o(i.FLASH_WaitForLastBank1Operation) refers to stm32f10x_flash.o(i.FLASH_GetBank1Status) for FLASH_GetBank1Status
    stm32f10x_flash.o(i.FLASH_WaitForLastOperation) refers to stm32f10x_flash.o(i.FLASH_GetBank1Status) for FLASH_GetBank1Status
    bsp_systick.o(i.Delay_ms) refers to bsp_systick.o(i.__set_PRIMASK) for __set_PRIMASK
    bsp_systick.o(i.Delay_ms) refers to bsp_systick.o(.data) for TimingDelayFlag
    bsp_systick.o(i.SysTick_Init) refers to system_stm32f10x.o(.data) for SystemCoreClock
    bsp_systick.o(i.TimingDelay_Decrement) refers to bsp_systick.o(.data) for TimingDelayFlag
    bsp_systick.o(i.bsp_CheckRunTime) refers to bsp_systick.o(i.__set_PRIMASK) for __set_PRIMASK
    bsp_systick.o(i.bsp_CheckRunTime) refers to bsp_systick.o(.data) for Timing_1ms
    bsp_systick.o(i.bsp_GetRunTime) refers to bsp_systick.o(i.__set_PRIMASK) for __set_PRIMASK
    bsp_systick.o(i.bsp_GetRunTime) refers to bsp_systick.o(.data) for Timing_1ms
    bsp_16jidianqi.o(i.dianci_fun) refers to appbase.o(i.Set_Y_Value) for Set_Y_Value
    bsp_16jidianqi.o(i.dianci_fun) refers to bsp_16jidianqi.o(.bss) for g_InteralMemory
    bsp_16jidianqi.o(i.hongdeng_fun) refers to bsp_16jidianqi.o(i.jidianqi_write_single) for jidianqi_write_single
    bsp_16jidianqi.o(i.hongdeng_fun) refers to bsp_16jidianqi.o(.bss) for g_InteralMemory
    bsp_16jidianqi.o(i.huangdeng_fun) refers to bsp_16jidianqi.o(i.jidianqi_write_single) for jidianqi_write_single
    bsp_16jidianqi.o(i.huangdeng_fun) refers to bsp_16jidianqi.o(.bss) for g_InteralMemory
    bsp_16jidianqi.o(i.jidianqi_fun) refers to bsp_16jidianqi.o(i.hongdeng_fun) for hongdeng_fun
    bsp_16jidianqi.o(i.jidianqi_fun) refers to bsp_16jidianqi.o(i.huangdeng_fun) for huangdeng_fun
    bsp_16jidianqi.o(i.jidianqi_fun) refers to bsp_16jidianqi.o(i.lvdeng_fun) for lvdeng_fun
    bsp_16jidianqi.o(i.jidianqi_fun) refers to bsp_16jidianqi.o(i.zhaobudeng_fun) for zhaobudeng_fun
    bsp_16jidianqi.o(i.jidianqi_fun) refers to bsp_16jidianqi.o(i.zhaomingdeng_fun) for zhaomingdeng_fun
    bsp_16jidianqi.o(i.jidianqi_fun) refers to bsp_16jidianqi.o(i.dianci_fun) for dianci_fun
    bsp_16jidianqi.o(i.jidianqi_fun) refers to bsp_16jidianqi.o(i.penyou24v_fun) for penyou24v_fun
    bsp_16jidianqi.o(i.jidianqi_write_fenshan) refers to communication.o(i.CRC1) for CRC1
    bsp_16jidianqi.o(i.jidianqi_write_fenshan) refers to stm32f10x_gpio.o(i.GPIO_SetBits) for GPIO_SetBits
    bsp_16jidianqi.o(i.jidianqi_write_fenshan) refers to 2440lib.o(i.Delay) for Delay
    bsp_16jidianqi.o(i.jidianqi_write_fenshan) refers to bsp_usartx.o(i.USART_SendChar) for USART_SendChar
    bsp_16jidianqi.o(i.jidianqi_write_fenshan) refers to wdt.o(i.wdt_feed_dog) for wdt_feed_dog
    bsp_16jidianqi.o(i.jidianqi_write_fenshan) refers to stm32f10x_usart.o(i.USART_GetFlagStatus) for USART_GetFlagStatus
    bsp_16jidianqi.o(i.jidianqi_write_fenshan) refers to main.o(.data) for main_enter_flag
    bsp_16jidianqi.o(i.jidianqi_write_single) refers to stm32f10x_gpio.o(i.GPIO_SetBits) for GPIO_SetBits
    bsp_16jidianqi.o(i.jidianqi_write_single) refers to communication.o(i.CRC1) for CRC1
    bsp_16jidianqi.o(i.jidianqi_write_single) refers to stm32f10x_gpio.o(i.GPIO_ResetBits) for GPIO_ResetBits
    bsp_16jidianqi.o(i.jidianqi_write_single) refers to 2440lib.o(i.Delay) for Delay
    bsp_16jidianqi.o(i.jidianqi_write_single) refers to wdt.o(i.wdt_feed_dog) for wdt_feed_dog
    bsp_16jidianqi.o(i.jidianqi_write_single) refers to bsp_usartx.o(i.USART_SendChar) for USART_SendChar
    bsp_16jidianqi.o(i.jidianqi_write_single) refers to bsp_16jidianqi.o(i.qz_Uart_Getch) for qz_Uart_Getch
    bsp_16jidianqi.o(i.jidianqi_write_single) refers to main.o(.bss) for g_SystemConf
    bsp_16jidianqi.o(i.jidianqi_write_single) refers to bsp_16jidianqi.o(.bss) for g_InteralMemory
    bsp_16jidianqi.o(i.jidianqi_write_single) refers to main.o(.data) for main_enter_flag
    bsp_16jidianqi.o(i.jidianqi_write_single) refers to bsp_16jidianqi.o(.data) for jdqComCount
    bsp_16jidianqi.o(i.lvdeng_fun) refers to bsp_16jidianqi.o(i.jidianqi_write_single) for jidianqi_write_single
    bsp_16jidianqi.o(i.lvdeng_fun) refers to bsp_16jidianqi.o(.bss) for g_InteralMemory
    bsp_16jidianqi.o(i.penyou24v_fun) refers to bsp_16jidianqi.o(i.jidianqi_write_single) for jidianqi_write_single
    bsp_16jidianqi.o(i.penyou24v_fun) refers to bsp_16jidianqi.o(.bss) for g_InteralMemory
    bsp_16jidianqi.o(i.qz_Uart_Getch) refers to bsp_usartx.o(i.USART_ReceiveChar) for USART_ReceiveChar
    bsp_16jidianqi.o(i.youbeng_fun) refers to bsp_16jidianqi.o(i.jidianqi_write_single) for jidianqi_write_single
    bsp_16jidianqi.o(i.youbeng_fun) refers to bsp_16jidianqi.o(.bss) for g_InteralMemory
    bsp_16jidianqi.o(i.zhaobudeng_fun) refers to bsp_16jidianqi.o(i.jidianqi_write_single) for jidianqi_write_single
    bsp_16jidianqi.o(i.zhaobudeng_fun) refers to bsp_16jidianqi.o(.bss) for g_InteralMemory
    bsp_16jidianqi.o(i.zhaomingdeng_fun) refers to bsp_16jidianqi.o(i.jidianqi_write_single) for jidianqi_write_single
    bsp_16jidianqi.o(i.zhaomingdeng_fun) refers to bsp_16jidianqi.o(.bss) for g_InteralMemory
    bsp_bianpingqi.o(i.bianpingqi_RTU_WriteWord) refers to communication.o(i.CRC1) for CRC1
    bsp_bianpingqi.o(i.bianpingqi_RTU_WriteWord) refers to stm32f10x_gpio.o(i.GPIO_SetBits) for GPIO_SetBits
    bsp_bianpingqi.o(i.bianpingqi_RTU_WriteWord) refers to 2440lib.o(i.Delay) for Delay
    bsp_bianpingqi.o(i.bianpingqi_RTU_WriteWord) refers to bsp_usartx.o(i.USART_SendChar) for USART_SendChar
    bsp_bianpingqi.o(i.bianpingqi_RTU_WriteWord) refers to wdt.o(i.wdt_feed_dog) for wdt_feed_dog
    bsp_bianpingqi.o(i.bianpingqi_RTU_WriteWord) refers to stm32f10x_usart.o(i.USART_GetFlagStatus) for USART_GetFlagStatus
    bsp_bianpingqi.o(i.bianpingqi_RTU_WriteWord) refers to stm32f10x_gpio.o(i.GPIO_ResetBits) for GPIO_ResetBits
    bsp_bianpingqi.o(i.bianpingqi_RTU_WriteWord) refers to bsp_16jidianqi.o(i.qz_Uart_Getch) for qz_Uart_Getch
    bsp_bianpingqi.o(i.bianpingqi_RTU_WriteWord) refers to bsp_16jidianqi.o(.bss) for g_InteralMemory
    bsp_bianpingqi.o(i.bianpingqi_RTU_WriteWord) refers to main.o(.data) for main_enter_flag
    bsp_bianpingqi.o(i.bianpingqi_RTU_WriteWord) refers to bsp_bianpingqi.o(.data) for bianpingqi_jog_status
    bsp_bianpingqi.o(i.bianpingqi_jog) refers to bsp_bianpingqi.o(i.bianpingqi_RTU_WriteWord) for bianpingqi_RTU_WriteWord
    bsp_bianpingqi.o(i.bianpingqi_jog) refers to bsp_bianpingqi.o(i.bianpingqi_start_sub) for bianpingqi_start_sub
    bsp_bianpingqi.o(i.bianpingqi_jog) refers to bsp_bianpingqi.o(i.bianpingqi_stop_sub) for bianpingqi_stop_sub
    bsp_bianpingqi.o(i.bianpingqi_jog) refers to bsp_bianpingqi.o(.data) for bianpingqi_run_flag
    bsp_bianpingqi.o(i.bianpingqi_jog) refers to bsp_16jidianqi.o(.bss) for g_InteralMemory
    bsp_bianpingqi.o(i.bianpingqi_set_speed) refers to bsp_bianpingqi.o(i.bianpingqi_RTU_WriteWord) for bianpingqi_RTU_WriteWord
    bsp_bianpingqi.o(i.bianpingqi_set_speed) refers to bsp_bianpingqi.o(.data) for bianpingqi_previous_speed
    bsp_bianpingqi.o(i.bianpingqi_set_speed) refers to bsp_16jidianqi.o(.bss) for g_InteralMemory
    bsp_bianpingqi.o(i.bianpingqi_speed_cal) refers to memseta.o(.text) for __aeabi_memclr4
    bsp_bianpingqi.o(i.bianpingqi_speed_cal) refers to encoder1.o(i.getStage) for getStage
    bsp_bianpingqi.o(i.bianpingqi_speed_cal) refers to appbase.o(i.Set_Y_Value) for Set_Y_Value
    bsp_bianpingqi.o(i.bianpingqi_speed_cal) refers to dfltui.o(.text) for __aeabi_ui2d
    bsp_bianpingqi.o(i.bianpingqi_speed_cal) refers to ddiv.o(.text) for __aeabi_ddiv
    bsp_bianpingqi.o(i.bianpingqi_speed_cal) refers to dmul.o(.text) for __aeabi_dmul
    bsp_bianpingqi.o(i.bianpingqi_speed_cal) refers to dfixui.o(.text) for __aeabi_d2uiz
    bsp_bianpingqi.o(i.bianpingqi_speed_cal) refers to delay.o(i.delay_qz) for delay_qz
    bsp_bianpingqi.o(i.bianpingqi_speed_cal) refers to bsp_16jidianqi.o(.bss) for g_InteralMemory
    bsp_bianpingqi.o(i.bianpingqi_speed_cal) refers to encoder1.o(.data) for ewaiduan_fencen_status
    bsp_bianpingqi.o(i.bianpingqi_speed_cal) refers to bsp_bianpingqi.o(.data) for bianpingqi_speed
    bsp_bianpingqi.o(i.bianpingqi_speed_cal) refers to delay.o(.bss) for delay_fac
    bsp_bianpingqi.o(i.bianpingqi_start) refers to bsp_bianpingqi.o(i.bianpingqi_start_sub) for bianpingqi_start_sub
    bsp_bianpingqi.o(i.bianpingqi_start) refers to bsp_bianpingqi.o(i.bianpingqi_stop_sub) for bianpingqi_stop_sub
    bsp_bianpingqi.o(i.bianpingqi_start) refers to bsp_bianpingqi.o(.data) for bianpingqi_previous_run_status
    bsp_bianpingqi.o(i.bianpingqi_start) refers to bsp_16jidianqi.o(.bss) for g_InteralMemory
    bsp_bianpingqi.o(i.bianpingqi_start_sub) refers to appbase.o(i.Set_Y_Value) for Set_Y_Value
    bsp_bianpingqi.o(i.bianpingqi_start_sub) refers to bsp_16jidianqi.o(.bss) for g_InteralMemory
    bsp_bianpingqi.o(i.bianpingqi_start_sub) refers to bsp_bianpingqi.o(.data) for bianpingqi_previous_run_status
    bsp_bianpingqi.o(i.bianpingqi_stop_sub) refers to appbase.o(i.Set_Y_Value) for Set_Y_Value
    bsp_bianpingqi.o(i.bianpingqi_stop_sub) refers to bsp_16jidianqi.o(.bss) for g_InteralMemory
    bsp_bianpingqi.o(i.bianpingqi_stop_sub) refers to bsp_bianpingqi.o(.data) for bianpingqi_previous_speed
    delay.o(i.Delay_qz_sub) refers to delay.o(.bss) for delay_fac
    delay.o(i.GENERAL_TIMx_NVIC_Configuration) refers to misc.o(i.NVIC_PriorityGroupConfig) for NVIC_PriorityGroupConfig
    delay.o(i.GENERAL_TIMx_NVIC_Configuration) refers to misc.o(i.NVIC_Init) for NVIC_Init
    delay.o(i.Timer0_init_quanzhou) refers to stm32f10x_rcc.o(i.RCC_APB1PeriphClockCmd) for RCC_APB1PeriphClockCmd
    delay.o(i.Timer0_init_quanzhou) refers to delay.o(i.GENERAL_TIMx_NVIC_Configuration) for GENERAL_TIMx_NVIC_Configuration
    delay.o(i.Timer0_init_quanzhou) refers to stm32f10x_tim.o(i.TIM_TimeBaseInit) for TIM_TimeBaseInit
    delay.o(i.Timer0_init_quanzhou) refers to stm32f10x_tim.o(i.TIM_ClearITPendingBit) for TIM_ClearITPendingBit
    delay.o(i.Timer0_init_quanzhou) refers to stm32f10x_tim.o(i.TIM_ITConfig) for TIM_ITConfig
    delay.o(i.Timer0_init_quanzhou) refers to stm32f10x_tim.o(i.TIM_Cmd) for TIM_Cmd
    delay.o(i.delay_qz) refers to delay.o(.bss) for delay_fac
    encoder1.o(i.encoder1_data_process) refers to delay.o(i.delay_qz) for delay_qz
    encoder1.o(i.encoder1_data_process) refers to bsp_bianpingqi.o(i.bianpingqi_set_speed) for bianpingqi_set_speed
    encoder1.o(i.encoder1_data_process) refers to encoder1.o(.data) for encoder1_speed
    encoder1.o(i.encoder1_data_process) refers to bsp_16jidianqi.o(.bss) for g_InteralMemory
    encoder1.o(i.encoder1_data_process) refers to delay.o(.bss) for delay_fac
    encoder1.o(i.encoder1_data_process) refers to bsp_bianpingqi.o(.data) for bianpingqi_speed
    encoder1.o(i.encoder1_data_reset) refers to encoder1.o(i.KeyBoard) for KeyBoard
    encoder1.o(i.encoder1_data_reset) refers to bsp_16jidianqi.o(.bss) for g_InteralMemory
    encoder1.o(i.encoder1_data_reset) refers to encoder1.o(.data) for dapan_round
    encoder1.o(i.encoder1_data_reset) refers to bsp_bianpingqi.o(.data) for speed_status
    encoder1.o(i.encoder1_data_reset) refers to qz_system.o(.data) for banci_mima_shuru
    encoder1.o(i.encoder1_data_reset) refers to qz_system.o(.bss) for songsha_num
    encoder1.o(i.getKMotor) refers to encoder1.o(i.getStage) for getStage
    encoder1.o(i.getKMotor) refers to ffltui.o(.text) for __aeabi_ui2f
    encoder1.o(i.getKMotor) refers to fmul.o(.text) for __aeabi_fmul
    encoder1.o(i.getKMotor) refers to ffixi.o(.text) for __aeabi_f2iz
    encoder1.o(i.getKMotor) refers to init.o(.bss) for rate_different
    encoder1.o(i.getKMotor) refers to encoder1.o(.constdata) for k_factor
    encoder1.o(i.getStage) refers to bsp_16jidianqi.o(.bss) for g_InteralMemory
    encoder1.o(i.songsha_fre_change) refers to wdt.o(i.wdt_feed_dog) for wdt_feed_dog
    encoder1.o(i.songsha_fre_change) refers to main.o(.data) for main_enter_flag
    encoder1.o(i.songsha_fre_change) refers to bsp_16jidianqi.o(.bss) for g_InteralMemory
    bsp_usartx.o(i.RS232_USARTx_Config) refers to misc.o(i.NVIC_PriorityGroupConfig) for NVIC_PriorityGroupConfig
    bsp_usartx.o(i.RS232_USARTx_Config) refers to stm32f10x_rcc.o(i.RCC_APB2PeriphClockCmd) for RCC_APB2PeriphClockCmd
    bsp_usartx.o(i.RS232_USARTx_Config) refers to stm32f10x_gpio.o(i.GPIO_Init) for GPIO_Init
    bsp_usartx.o(i.RS232_USARTx_Config) refers to stm32f10x_usart.o(i.USART_Init) for USART_Init
    bsp_usartx.o(i.RS232_USARTx_Config) refers to misc.o(i.NVIC_Init) for NVIC_Init
    bsp_usartx.o(i.RS232_USARTx_Config) refers to stm32f10x_usart.o(i.USART_ITConfig) for USART_ITConfig
    bsp_usartx.o(i.RS232_USARTx_Config) refers to stm32f10x_usart.o(i.USART_Cmd) for USART_Cmd
    bsp_usartx.o(i.RS232_USARTx_Config) refers to stm32f10x_usart.o(i.USART_ClearFlag) for USART_ClearFlag
    bsp_usartx.o(i.RS485_USARTx_Config) refers to stm32f10x_rcc.o(i.RCC_APB2PeriphClockCmd) for RCC_APB2PeriphClockCmd
    bsp_usartx.o(i.RS485_USARTx_Config) refers to stm32f10x_rcc.o(i.RCC_APB1PeriphClockCmd) for RCC_APB1PeriphClockCmd
    bsp_usartx.o(i.RS485_USARTx_Config) refers to stm32f10x_gpio.o(i.GPIO_Init) for GPIO_Init
    bsp_usartx.o(i.RS485_USARTx_Config) refers to stm32f10x_usart.o(i.USART_Init) for USART_Init
    bsp_usartx.o(i.RS485_USARTx_Config) refers to stm32f10x_usart.o(i.USART_Cmd) for USART_Cmd
    bsp_usartx.o(i.USART1_IRQHandler) refers to memseta.o(.text) for __aeabi_memclr4
    bsp_usartx.o(i.USART1_IRQHandler) refers to stm32f10x_usart.o(i.USART_GetITStatus) for USART_GetITStatus
    bsp_usartx.o(i.USART1_IRQHandler) refers to stm32f10x_usart.o(i.USART_ClearITPendingBit) for USART_ClearITPendingBit
    bsp_usartx.o(i.USART1_IRQHandler) refers to bsp_usartx.o(i.USART_ReceiveChar) for USART_ReceiveChar
    bsp_usartx.o(i.USART1_IRQHandler) refers to communication.o(i.CRC1) for CRC1
    bsp_usartx.o(i.USART1_IRQHandler) refers to bsp_usartx.o(i.USART_SendChar) for USART_SendChar
    bsp_usartx.o(i.USART1_IRQHandler) refers to stm32f10x_usart.o(i.USART_GetFlagStatus) for USART_GetFlagStatus
    bsp_usartx.o(i.USART1_IRQHandler) refers to bsp_usartx.o(.data) for USART_RX_STA
    bsp_usartx.o(i.USART1_IRQHandler) refers to bsp_usartx.o(.bss) for USART_RX_BUF
    bsp_usartx.o(i.USART1_IRQHandler) refers to bsp_16jidianqi.o(.bss) for g_InteralMemory
    bsp_usartx.o(i.Usart_SendByte) refers to stm32f10x_usart.o(i.USART_SendData) for USART_SendData
    bsp_usartx.o(i.Usart_SendByte) refers to stm32f10x_usart.o(i.USART_GetFlagStatus) for USART_GetFlagStatus
    bsp_usartx.o(i.Usart_SendStr_length) refers to bsp_usartx.o(i.Usart_SendByte) for Usart_SendByte
    bsp_usartx.o(i.Usart_SendString) refers to bsp_usartx.o(i.Usart_SendByte) for Usart_SendByte
    appbase.o(i.APP_init) refers to appbase.o(i.X1_EXIT_Config) for X1_EXIT_Config
    appbase.o(i.EXTI9_5_IRQHandler) refers to stm32f10x_exti.o(i.EXTI_GetITStatus) for EXTI_GetITStatus
    appbase.o(i.EXTI9_5_IRQHandler) refers to appbase.o(i.Set_Y_Value) for Set_Y_Value
    appbase.o(i.EXTI9_5_IRQHandler) refers to stm32f10x_exti.o(i.EXTI_ClearITPendingBit) for EXTI_ClearITPendingBit
    appbase.o(i.EXTI9_5_IRQHandler) refers to appbase.o(.bss) for motor_factor
    appbase.o(i.EXTI9_5_IRQHandler) refers to appbase.o(.data) for k_motor
    appbase.o(i.EXTI9_5_IRQHandler) refers to qz_system.o(.bss) for songsha_num
    appbase.o(i.GPIO_Configuration) refers to stm32f10x_gpio.o(i.GPIO_Init) for GPIO_Init
    appbase.o(i.GPIO_Configuration) refers to stm32f10x_gpio.o(i.GPIO_SetBits) for GPIO_SetBits
    appbase.o(i.Get_X_Value) refers to stm32f10x_gpio.o(i.GPIO_ReadInputDataBit) for GPIO_ReadInputDataBit
    appbase.o(i.RCC_Configuration) refers to system_stm32f10x.o(i.SystemInit) for SystemInit
    appbase.o(i.RCC_Configuration) refers to stm32f10x_rcc.o(i.RCC_APB2PeriphClockCmd) for RCC_APB2PeriphClockCmd
    appbase.o(i.Set_Y_Value) refers to stm32f10x_gpio.o(i.GPIO_SetBits) for GPIO_SetBits
    appbase.o(i.Set_Y_Value) refers to stm32f10x_gpio.o(i.GPIO_ResetBits) for GPIO_ResetBits
    appbase.o(i.X1_EXIT_Config) refers to stm32f10x_rcc.o(i.RCC_APB2PeriphClockCmd) for RCC_APB2PeriphClockCmd
    appbase.o(i.X1_EXIT_Config) refers to stm32f10x_gpio.o(i.GPIO_Init) for GPIO_Init
    appbase.o(i.X1_EXIT_Config) refers to stm32f10x_gpio.o(i.GPIO_EXTILineConfig) for GPIO_EXTILineConfig
    appbase.o(i.X1_EXIT_Config) refers to stm32f10x_exti.o(i.EXTI_Init) for EXTI_Init
    appbase.o(i.X1_EXIT_Config) refers to misc.o(i.NVIC_PriorityGroupConfig) for NVIC_PriorityGroupConfig
    appbase.o(i.X1_EXIT_Config) refers to misc.o(i.NVIC_Init) for NVIC_Init
    2440lib.o(i.Delay) refers to wdt.o(i.wdt_feed_dog) for wdt_feed_dog
    2440lib.o(i.Delay) refers to main.o(.data) for main_enter_flag
    qz_system.o(i.fenshan_sys_fun) refers to bsp_16jidianqi.o(i.fenshan_fun) for fenshan_fun
    qz_system.o(i.fenshan_sys_fun) refers to bsp_16jidianqi.o(.bss) for g_InteralMemory
    qz_system.o(i.fenshan_sys_fun) refers to qz_system.o(.data) for previous_fenshan_status
    qz_system.o(i.qz_guanliyuan) refers to bsp_16jidianqi.o(.bss) for g_InteralMemory
    qz_system.o(i.shachang_xianshi) refers to ffltui.o(.text) for __aeabi_ui2f
    qz_system.o(i.shachang_xianshi) refers to fmul.o(.text) for __aeabi_fmul
    qz_system.o(i.shachang_xianshi) refers to f2d.o(.text) for __aeabi_f2d
    qz_system.o(i.shachang_xianshi) refers to ddiv.o(.text) for __aeabi_ddiv
    qz_system.o(i.shachang_xianshi) refers to dfixui.o(.text) for __aeabi_d2uiz
    qz_system.o(i.shachang_xianshi) refers to qz_system.o(.bss) for songsha_num
    qz_system.o(i.shachang_xianshi) refers to bsp_16jidianqi.o(.bss) for g_InteralMemory
    qz_system.o(i.youbeng_new_way) refers to delay.o(i.delay_qz) for delay_qz
    qz_system.o(i.youbeng_new_way) refers to bsp_16jidianqi.o(i.youbeng_fun) for youbeng_fun
    qz_system.o(i.youbeng_new_way) refers to bsp_16jidianqi.o(.bss) for g_InteralMemory
    qz_system.o(i.youbeng_new_way) refers to qz_system.o(.data) for previous_youbeng_status
    qz_system.o(i.youbeng_new_way) refers to delay.o(.bss) for delay_fac
    qz_system.o(i.youbeng_sys_fun) refers to delay.o(i.delay_qz) for delay_qz
    qz_system.o(i.youbeng_sys_fun) refers to bsp_16jidianqi.o(i.youbeng_fun) for youbeng_fun
    qz_system.o(i.youbeng_sys_fun) refers to bsp_16jidianqi.o(.bss) for g_InteralMemory
    qz_system.o(i.youbeng_sys_fun) refers to qz_system.o(.data) for previous_youbeng_status
    qz_system.o(i.youbeng_sys_fun) refers to delay.o(.bss) for delay_fac
    qz_system.o(.data) refers to bsp_16jidianqi.o(.bss) for g_InteralMemory
    init.o(i.bianpingqi_init) refers to bsp_bianpingqi.o(i.bianpingqi_stop_sub) for bianpingqi_stop_sub
    init.o(i.bianpingqi_init) refers to bsp_16jidianqi.o(.bss) for g_InteralMemory
    init.o(i.encoder1_init) refers to appbase.o(i.Get_X_Value) for Get_X_Value
    init.o(i.encoder1_init) refers to appbase.o(i.InPulse1_Start) for InPulse1_Start
    init.o(i.encoder1_init) refers to encoder1.o(.data) for signal
    init.o(i.jidianqi_init) refers to bsp_16jidianqi.o(.bss) for g_InteralMemory
    init.o(i.menu_init) refers to encoder1.o(i.parameter_save) for parameter_save
    init.o(i.menu_init) refers to bsp_16jidianqi.o(.bss) for g_InteralMemory
    init.o(i.menu_init) refers to qz_system.o(.constdata) for banci_num
    init.o(i.menu_init) refers to qz_system.o(.data) for previous_dingdanbianhao
    init.o(i.stepmotor_init) refers to encoder1.o(i.parameter_read) for parameter_read
    init.o(i.stepmotor_init) refers to dfltui.o(.text) for __aeabi_ui2d
    init.o(i.stepmotor_init) refers to dmul.o(.text) for __aeabi_dmul
    init.o(i.stepmotor_init) refers to ddiv.o(.text) for __aeabi_ddiv
    init.o(i.stepmotor_init) refers to d2f.o(.text) for __aeabi_d2f
    init.o(i.stepmotor_init) refers to encoder1.o(i.songsha_fre_change) for songsha_fre_change
    init.o(i.stepmotor_init) refers to bsp_16jidianqi.o(.bss) for g_InteralMemory
    init.o(i.stepmotor_init) refers to init.o(.bss) for rate_different
    init.o(i.stepmotor_init) refers to qz_system.o(.bss) for songsha_rate
    init.o(i.zhongduan_init) refers to strcpy.o(.text) for strcpy
    init.o(i.zhongduan_init) refers to init.o(.bss) for Info_qz
    entry.o(.ARM.Collect$$$$00000000) refers (Special) to entry10a.o(.ARM.Collect$$$$0000000D) for __rt_final_cpp
    entry.o(.ARM.Collect$$$$00000000) refers (Special) to entry11a.o(.ARM.Collect$$$$0000000F) for __rt_final_exit
    entry.o(.ARM.Collect$$$$00000000) refers (Special) to entry7b.o(.ARM.Collect$$$$00000008) for _main_clock
    entry.o(.ARM.Collect$$$$00000000) refers (Special) to entry8b.o(.ARM.Collect$$$$0000000A) for _main_cpp_init
    entry.o(.ARM.Collect$$$$00000000) refers (Special) to entry9a.o(.ARM.Collect$$$$0000000B) for _main_init
    entry.o(.ARM.Collect$$$$00000000) refers (Special) to entry5.o(.ARM.Collect$$$$00000004) for _main_scatterload
    entry.o(.ARM.Collect$$$$00000000) refers (Special) to entry2.o(.ARM.Collect$$$$00000001) for _main_stk
    fmul.o(.text) refers (Special) to iusefp.o(.text) for __I$use$fp
    dmul.o(.text) refers (Special) to iusefp.o(.text) for __I$use$fp
    dmul.o(.text) refers to depilogue.o(.text) for _double_epilogue
    ddiv.o(.text) refers (Special) to iusefp.o(.text) for __I$use$fp
    ddiv.o(.text) refers to depilogue.o(.text) for _double_round
    ffltui.o(.text) refers (Special) to iusefp.o(.text) for __I$use$fp
    ffltui.o(.text) refers to fepilogue.o(.text) for _float_epilogue
    dfltui.o(.text) refers (Special) to iusefp.o(.text) for __I$use$fp
    dfltui.o(.text) refers to depilogue.o(.text) for _double_epilogue
    ffixi.o(.text) refers (Special) to iusefp.o(.text) for __I$use$fp
    dfixui.o(.text) refers (Special) to iusefp.o(.text) for __I$use$fp
    dfixui.o(.text) refers to llushr.o(.text) for __aeabi_llsr
    f2d.o(.text) refers (Special) to iusefp.o(.text) for __I$use$fp
    d2f.o(.text) refers (Special) to iusefp.o(.text) for __I$use$fp
    d2f.o(.text) refers to fepilogue.o(.text) for _float_round
    entry2.o(.ARM.Collect$$$$00000001) refers to entry2.o(.ARM.Collect$$$$00002712) for __lit__00000000
    entry2.o(.ARM.Collect$$$$00002712) refers to startup_stm32f10x_hd.o(STACK) for __initial_sp
    entry2.o(__vectab_stack_and_reset_area) refers to startup_stm32f10x_hd.o(STACK) for __initial_sp
    entry2.o(__vectab_stack_and_reset_area) refers to entry.o(.ARM.Collect$$$$00000000) for __main
    entry5.o(.ARM.Collect$$$$00000004) refers to init.o(.text) for __scatterload
    entry9a.o(.ARM.Collect$$$$0000000B) refers to main.o(i.main) for main
    entry9b.o(.ARM.Collect$$$$0000000C) refers to main.o(i.main) for main
    depilogue.o(.text) refers to llshl.o(.text) for __aeabi_llsl
    depilogue.o(.text) refers to llushr.o(.text) for __aeabi_llsr
    init.o(.text) refers to entry5.o(.ARM.Collect$$$$00000004) for __main_after_scatterload


==============================================================================

Removing Unused input sections from the image.

    Removing startup_stm32f10x_hd.o(HEAP), (512 bytes).
    Removing core_cm3.o(.emb_text), (32 bytes).
    Removing system_stm32f10x.o(i.SystemCoreClockUpdate), (164 bytes).
    Removing system_stm32f10x.o(.data), (20 bytes).
    Removing main.o(.bss), (180 bytes).
    Removing misc.o(i.NVIC_SetVectorTable), (20 bytes).
    Removing misc.o(i.NVIC_SystemLPConfig), (32 bytes).
    Removing misc.o(i.SysTick_CLKSourceConfig), (40 bytes).
    Removing stm32f10x_tim.o(i.TI1_Config), (128 bytes).
    Removing stm32f10x_tim.o(i.TI2_Config), (152 bytes).
    Removing stm32f10x_tim.o(i.TI3_Config), (144 bytes).
    Removing stm32f10x_tim.o(i.TI4_Config), (152 bytes).
    Removing stm32f10x_tim.o(i.TIM_ARRPreloadConfig), (24 bytes).
    Removing stm32f10x_tim.o(i.TIM_BDTRConfig), (32 bytes).
    Removing stm32f10x_tim.o(i.TIM_BDTRStructInit), (18 bytes).
    Removing stm32f10x_tim.o(i.TIM_CCPreloadControl), (24 bytes).
    Removing stm32f10x_tim.o(i.TIM_CCxCmd), (30 bytes).
    Removing stm32f10x_tim.o(i.TIM_CCxNCmd), (30 bytes).
    Removing stm32f10x_tim.o(i.TIM_ClearFlag), (6 bytes).
    Removing stm32f10x_tim.o(i.TIM_ClearOC1Ref), (18 bytes).
    Removing stm32f10x_tim.o(i.TIM_ClearOC2Ref), (24 bytes).
    Removing stm32f10x_tim.o(i.TIM_ClearOC3Ref), (18 bytes).
    Removing stm32f10x_tim.o(i.TIM_ClearOC4Ref), (24 bytes).
    Removing stm32f10x_tim.o(i.TIM_CounterModeConfig), (18 bytes).
    Removing stm32f10x_tim.o(i.TIM_CtrlPWMOutputs), (30 bytes).
    Removing stm32f10x_tim.o(i.TIM_DMACmd), (18 bytes).
    Removing stm32f10x_tim.o(i.TIM_DMAConfig), (10 bytes).
    Removing stm32f10x_tim.o(i.TIM_DeInit), (488 bytes).
    Removing stm32f10x_tim.o(i.TIM_ETRClockMode1Config), (54 bytes).
    Removing stm32f10x_tim.o(i.TIM_ETRClockMode2Config), (32 bytes).
    Removing stm32f10x_tim.o(i.TIM_ETRConfig), (28 bytes).
    Removing stm32f10x_tim.o(i.TIM_EncoderInterfaceConfig), (66 bytes).
    Removing stm32f10x_tim.o(i.TIM_ForcedOC1Config), (18 bytes).
    Removing stm32f10x_tim.o(i.TIM_ForcedOC2Config), (26 bytes).
    Removing stm32f10x_tim.o(i.TIM_ForcedOC3Config), (18 bytes).
    Removing stm32f10x_tim.o(i.TIM_ForcedOC4Config), (26 bytes).
    Removing stm32f10x_tim.o(i.TIM_GenerateEvent), (4 bytes).
    Removing stm32f10x_tim.o(i.TIM_GetCapture1), (6 bytes).
    Removing stm32f10x_tim.o(i.TIM_GetCapture2), (6 bytes).
    Removing stm32f10x_tim.o(i.TIM_GetCapture3), (6 bytes).
    Removing stm32f10x_tim.o(i.TIM_GetCapture4), (8 bytes).
    Removing stm32f10x_tim.o(i.TIM_GetCounter), (6 bytes).
    Removing stm32f10x_tim.o(i.TIM_GetFlagStatus), (18 bytes).
    Removing stm32f10x_tim.o(i.TIM_GetPrescaler), (6 bytes).
    Removing stm32f10x_tim.o(i.TIM_ICInit), (172 bytes).
    Removing stm32f10x_tim.o(i.TIM_ICStructInit), (18 bytes).
    Removing stm32f10x_tim.o(i.TIM_ITRxExternalClockConfig), (24 bytes).
    Removing stm32f10x_tim.o(i.TIM_InternalClockConfig), (12 bytes).
    Removing stm32f10x_tim.o(i.TIM_OC1FastConfig), (18 bytes).
    Removing stm32f10x_tim.o(i.TIM_OC1Init), (152 bytes).
    Removing stm32f10x_tim.o(i.TIM_OC1NPolarityConfig), (18 bytes).
    Removing stm32f10x_tim.o(i.TIM_OC1PolarityConfig), (18 bytes).
    Removing stm32f10x_tim.o(i.TIM_OC1PreloadConfig), (18 bytes).
    Removing stm32f10x_tim.o(i.TIM_OC2FastConfig), (26 bytes).
    Removing stm32f10x_tim.o(i.TIM_OC2Init), (164 bytes).
    Removing stm32f10x_tim.o(i.TIM_OC2NPolarityConfig), (26 bytes).
    Removing stm32f10x_tim.o(i.TIM_OC2PolarityConfig), (26 bytes).
    Removing stm32f10x_tim.o(i.TIM_OC2PreloadConfig), (26 bytes).
    Removing stm32f10x_tim.o(i.TIM_OC3FastConfig), (18 bytes).
    Removing stm32f10x_tim.o(i.TIM_OC3Init), (160 bytes).
    Removing stm32f10x_tim.o(i.TIM_OC3NPolarityConfig), (26 bytes).
    Removing stm32f10x_tim.o(i.TIM_OC3PolarityConfig), (26 bytes).
    Removing stm32f10x_tim.o(i.TIM_OC3PreloadConfig), (18 bytes).
    Removing stm32f10x_tim.o(i.TIM_OC4FastConfig), (26 bytes).
    Removing stm32f10x_tim.o(i.TIM_OC4Init), (124 bytes).
    Removing stm32f10x_tim.o(i.TIM_OC4PolarityConfig), (26 bytes).
    Removing stm32f10x_tim.o(i.TIM_OC4PreloadConfig), (26 bytes).
    Removing stm32f10x_tim.o(i.TIM_OCStructInit), (20 bytes).
    Removing stm32f10x_tim.o(i.TIM_PWMIConfig), (124 bytes).
    Removing stm32f10x_tim.o(i.TIM_PrescalerConfig), (6 bytes).
    Removing stm32f10x_tim.o(i.TIM_SelectCCDMA), (24 bytes).
    Removing stm32f10x_tim.o(i.TIM_SelectCOM), (24 bytes).
    Removing stm32f10x_tim.o(i.TIM_SelectHallSensor), (24 bytes).
    Removing stm32f10x_tim.o(i.TIM_SelectInputTrigger), (18 bytes).
    Removing stm32f10x_tim.o(i.TIM_SelectMasterSlaveMode), (18 bytes).
    Removing stm32f10x_tim.o(i.TIM_SelectOCxM), (82 bytes).
    Removing stm32f10x_tim.o(i.TIM_SelectOnePulseMode), (18 bytes).
    Removing stm32f10x_tim.o(i.TIM_SelectOutputTrigger), (18 bytes).
    Removing stm32f10x_tim.o(i.TIM_SelectSlaveMode), (18 bytes).
    Removing stm32f10x_tim.o(i.TIM_SetAutoreload), (4 bytes).
    Removing stm32f10x_tim.o(i.TIM_SetClockDivision), (18 bytes).
    Removing stm32f10x_tim.o(i.TIM_SetCompare1), (4 bytes).
    Removing stm32f10x_tim.o(i.TIM_SetCompare2), (4 bytes).
    Removing stm32f10x_tim.o(i.TIM_SetCompare3), (4 bytes).
    Removing stm32f10x_tim.o(i.TIM_SetCompare4), (6 bytes).
    Removing stm32f10x_tim.o(i.TIM_SetCounter), (4 bytes).
    Removing stm32f10x_tim.o(i.TIM_SetIC1Prescaler), (18 bytes).
    Removing stm32f10x_tim.o(i.TIM_SetIC2Prescaler), (26 bytes).
    Removing stm32f10x_tim.o(i.TIM_SetIC3Prescaler), (18 bytes).
    Removing stm32f10x_tim.o(i.TIM_SetIC4Prescaler), (26 bytes).
    Removing stm32f10x_tim.o(i.TIM_TIxExternalClockConfig), (62 bytes).
    Removing stm32f10x_tim.o(i.TIM_TimeBaseStructInit), (18 bytes).
    Removing stm32f10x_tim.o(i.TIM_UpdateDisableConfig), (24 bytes).
    Removing stm32f10x_tim.o(i.TIM_UpdateRequestConfig), (24 bytes).
    Removing stm32f10x_usart.o(i.USART_ClockInit), (34 bytes).
    Removing stm32f10x_usart.o(i.USART_ClockStructInit), (12 bytes).
    Removing stm32f10x_usart.o(i.USART_DMACmd), (18 bytes).
    Removing stm32f10x_usart.o(i.USART_DeInit), (156 bytes).
    Removing stm32f10x_usart.o(i.USART_HalfDuplexCmd), (24 bytes).
    Removing stm32f10x_usart.o(i.USART_IrDACmd), (24 bytes).
    Removing stm32f10x_usart.o(i.USART_IrDAConfig), (18 bytes).
    Removing stm32f10x_usart.o(i.USART_LINBreakDetectLengthConfig), (18 bytes).
    Removing stm32f10x_usart.o(i.USART_LINCmd), (24 bytes).
    Removing stm32f10x_usart.o(i.USART_OneBitMethodCmd), (24 bytes).
    Removing stm32f10x_usart.o(i.USART_OverSampling8Cmd), (22 bytes).
    Removing stm32f10x_usart.o(i.USART_ReceiveData), (10 bytes).
    Removing stm32f10x_usart.o(i.USART_ReceiverWakeUpCmd), (24 bytes).
    Removing stm32f10x_usart.o(i.USART_SendBreak), (10 bytes).
    Removing stm32f10x_usart.o(i.USART_SendData), (8 bytes).
    Removing stm32f10x_usart.o(i.USART_SetAddress), (18 bytes).
    Removing stm32f10x_usart.o(i.USART_SetGuardTime), (16 bytes).
    Removing stm32f10x_usart.o(i.USART_SetPrescaler), (16 bytes).
    Removing stm32f10x_usart.o(i.USART_SmartCardCmd), (24 bytes).
    Removing stm32f10x_usart.o(i.USART_SmartCardNACKCmd), (24 bytes).
    Removing stm32f10x_usart.o(i.USART_StructInit), (24 bytes).
    Removing stm32f10x_usart.o(i.USART_WakeUpConfig), (18 bytes).
    Removing stm32f10x_rcc.o(i.RCC_ADCCLKConfig), (24 bytes).
    Removing stm32f10x_rcc.o(i.RCC_AHBPeriphClockCmd), (32 bytes).
    Removing stm32f10x_rcc.o(i.RCC_APB1PeriphResetCmd), (32 bytes).
    Removing stm32f10x_rcc.o(i.RCC_APB2PeriphResetCmd), (32 bytes).
    Removing stm32f10x_rcc.o(i.RCC_AdjustHSICalibrationValue), (24 bytes).
    Removing stm32f10x_rcc.o(i.RCC_BackupResetCmd), (12 bytes).
    Removing stm32f10x_rcc.o(i.RCC_ClearFlag), (20 bytes).
    Removing stm32f10x_rcc.o(i.RCC_ClearITPendingBit), (12 bytes).
    Removing stm32f10x_rcc.o(i.RCC_ClockSecuritySystemCmd), (12 bytes).
    Removing stm32f10x_rcc.o(i.RCC_DeInit), (76 bytes).
    Removing stm32f10x_rcc.o(i.RCC_GetFlagStatus), (60 bytes).
    Removing stm32f10x_rcc.o(i.RCC_GetITStatus), (24 bytes).
    Removing stm32f10x_rcc.o(i.RCC_GetSYSCLKSource), (16 bytes).
    Removing stm32f10x_rcc.o(i.RCC_HCLKConfig), (24 bytes).
    Removing stm32f10x_rcc.o(i.RCC_HSEConfig), (76 bytes).
    Removing stm32f10x_rcc.o(i.RCC_HSICmd), (12 bytes).
    Removing stm32f10x_rcc.o(i.RCC_ITConfig), (32 bytes).
    Removing stm32f10x_rcc.o(i.RCC_LSEConfig), (52 bytes).
    Removing stm32f10x_rcc.o(i.RCC_LSICmd), (12 bytes).
    Removing stm32f10x_rcc.o(i.RCC_MCOConfig), (12 bytes).
    Removing stm32f10x_rcc.o(i.RCC_PCLK1Config), (24 bytes).
    Removing stm32f10x_rcc.o(i.RCC_PCLK2Config), (24 bytes).
    Removing stm32f10x_rcc.o(i.RCC_PLLCmd), (12 bytes).
    Removing stm32f10x_rcc.o(i.RCC_PLLConfig), (28 bytes).
    Removing stm32f10x_rcc.o(i.RCC_RTCCLKCmd), (12 bytes).
    Removing stm32f10x_rcc.o(i.RCC_RTCCLKConfig), (16 bytes).
    Removing stm32f10x_rcc.o(i.RCC_SYSCLKConfig), (24 bytes).
    Removing stm32f10x_rcc.o(i.RCC_USBCLKConfig), (12 bytes).
    Removing stm32f10x_rcc.o(i.RCC_WaitForHSEStartUp), (56 bytes).
    Removing stm32f10x_gpio.o(i.GPIO_AFIODeInit), (20 bytes).
    Removing stm32f10x_gpio.o(i.GPIO_DeInit), (200 bytes).
    Removing stm32f10x_gpio.o(i.GPIO_ETH_MediaInterfaceConfig), (12 bytes).
    Removing stm32f10x_gpio.o(i.GPIO_EventOutputCmd), (12 bytes).
    Removing stm32f10x_gpio.o(i.GPIO_EventOutputConfig), (32 bytes).
    Removing stm32f10x_gpio.o(i.GPIO_PinLockConfig), (18 bytes).
    Removing stm32f10x_gpio.o(i.GPIO_PinRemapConfig), (144 bytes).
    Removing stm32f10x_gpio.o(i.GPIO_ReadInputData), (8 bytes).
    Removing stm32f10x_gpio.o(i.GPIO_ReadInputDataBit), (18 bytes).
    Removing stm32f10x_gpio.o(i.GPIO_ReadOutputData), (8 bytes).
    Removing stm32f10x_gpio.o(i.GPIO_ReadOutputDataBit), (18 bytes).
    Removing stm32f10x_gpio.o(i.GPIO_StructInit), (16 bytes).
    Removing stm32f10x_gpio.o(i.GPIO_Write), (4 bytes).
    Removing stm32f10x_gpio.o(i.GPIO_WriteBit), (10 bytes).
    Removing stm32f10x_exti.o(i.EXTI_ClearFlag), (12 bytes).
    Removing stm32f10x_exti.o(i.EXTI_DeInit), (36 bytes).
    Removing stm32f10x_exti.o(i.EXTI_GenerateSWInterrupt), (16 bytes).
    Removing stm32f10x_exti.o(i.EXTI_GetFlagStatus), (24 bytes).
    Removing stm32f10x_exti.o(i.EXTI_StructInit), (16 bytes).
    Removing stm32f10x_flash.o(i.FLASH_ClearFlag), (12 bytes).
    Removing stm32f10x_flash.o(i.FLASH_EnableWriteProtection), (196 bytes).
    Removing stm32f10x_flash.o(i.FLASH_EraseAllBank1Pages), (72 bytes).
    Removing stm32f10x_flash.o(i.FLASH_EraseAllPages), (72 bytes).
    Removing stm32f10x_flash.o(i.FLASH_EraseOptionBytes), (168 bytes).
    Removing stm32f10x_flash.o(i.FLASH_ErasePage), (76 bytes).
    Removing stm32f10x_flash.o(i.FLASH_GetBank1Status), (52 bytes).
    Removing stm32f10x_flash.o(i.FLASH_GetFlagStatus), (48 bytes).
    Removing stm32f10x_flash.o(i.FLASH_GetPrefetchBufferStatus), (24 bytes).
    Removing stm32f10x_flash.o(i.FLASH_GetReadOutProtectionStatus), (24 bytes).
    Removing stm32f10x_flash.o(i.FLASH_GetStatus), (52 bytes).
    Removing stm32f10x_flash.o(i.FLASH_GetUserOptionByte), (12 bytes).
    Removing stm32f10x_flash.o(i.FLASH_GetWriteProtectionOptionByte), (12 bytes).
    Removing stm32f10x_flash.o(i.FLASH_HalfCycleAccessCmd), (28 bytes).
    Removing stm32f10x_flash.o(i.FLASH_ITConfig), (32 bytes).
    Removing stm32f10x_flash.o(i.FLASH_Lock), (20 bytes).
    Removing stm32f10x_flash.o(i.FLASH_LockBank1), (20 bytes).
    Removing stm32f10x_flash.o(i.FLASH_PrefetchBufferCmd), (28 bytes).
    Removing stm32f10x_flash.o(i.FLASH_ProgramHalfWord), (64 bytes).
    Removing stm32f10x_flash.o(i.FLASH_ProgramOptionByteData), (84 bytes).
    Removing stm32f10x_flash.o(i.FLASH_ProgramWord), (108 bytes).
    Removing stm32f10x_flash.o(i.FLASH_ReadOutProtection), (172 bytes).
    Removing stm32f10x_flash.o(i.FLASH_SetLatency), (24 bytes).
    Removing stm32f10x_flash.o(i.FLASH_Unlock), (24 bytes).
    Removing stm32f10x_flash.o(i.FLASH_UnlockBank1), (24 bytes).
    Removing stm32f10x_flash.o(i.FLASH_UserOptionByteConfig), (104 bytes).
    Removing stm32f10x_flash.o(i.FLASH_WaitForLastBank1Operation), (38 bytes).
    Removing stm32f10x_flash.o(i.FLASH_WaitForLastOperation), (38 bytes).
    Removing bsp_systick.o(i.Delay_ms), (36 bytes).
    Removing bsp_systick.o(i.SysTick_Init), (120 bytes).
    Removing bsp_systick.o(i.__set_PRIMASK), (6 bytes).
    Removing bsp_systick.o(i.bsp_CheckRunTime), (44 bytes).
    Removing bsp_systick.o(i.bsp_GetRunTime), (28 bytes).
    Removing wdt.o(i.wdt_feed_dog), (2 bytes).
    Removing wdt.o(i.wdt_init_reset), (2 bytes).
    Removing bsp_16jidianqi.o(i.CharToData), (26 bytes).
    Removing bsp_16jidianqi.o(i.dianci_fun), (44 bytes).
    Removing bsp_16jidianqi.o(i.fenshan_fun), (2 bytes).
    Removing bsp_16jidianqi.o(i.hongdeng_fun), (28 bytes).
    Removing bsp_16jidianqi.o(i.huangdeng_fun), (28 bytes).
    Removing bsp_16jidianqi.o(i.jidianqi_fun), (32 bytes).
    Removing bsp_16jidianqi.o(i.jidianqi_write_fenshan), (188 bytes).
    Removing bsp_16jidianqi.o(i.jidianqi_write_single), (460 bytes).
    Removing bsp_16jidianqi.o(i.lvdeng_fun), (28 bytes).
    Removing bsp_16jidianqi.o(i.penyou24v_fun), (28 bytes).
    Removing bsp_16jidianqi.o(i.qz_Uart_Getch), (20 bytes).
    Removing bsp_16jidianqi.o(i.youbeng_fun), (28 bytes).
    Removing bsp_16jidianqi.o(i.zhaobudeng_fun), (28 bytes).
    Removing bsp_16jidianqi.o(i.zhaomingdeng_fun), (28 bytes).
    Removing bsp_16jidianqi.o(.data), (8 bytes).
    Removing bsp_bianpingqi.o(i.bianpingqi_RTU_WriteWord), (440 bytes).
    Removing bsp_bianpingqi.o(i.bianpingqi_jog), (208 bytes).
    Removing bsp_bianpingqi.o(i.bianpingqi_set_speed), (76 bytes).
    Removing bsp_bianpingqi.o(i.bianpingqi_speed_cal), (1288 bytes).
    Removing bsp_bianpingqi.o(i.bianpingqi_start), (64 bytes).
    Removing bsp_bianpingqi.o(i.bianpingqi_start_sub), (44 bytes).
    Removing bsp_bianpingqi.o(i.bianpingqi_stop_sub), (52 bytes).
    Removing bsp_bianpingqi.o(.data), (28 bytes).
    Removing delay.o(i.delay_qz), (16 bytes).
    Removing encoder1.o(i.KeyBoard), (6 bytes).
    Removing encoder1.o(i.encoder1_data_process), (164 bytes).
    Removing encoder1.o(i.encoder1_data_reset), (416 bytes).
    Removing encoder1.o(i.encoder1_process), (4 bytes).
    Removing encoder1.o(i.getKMotor), (472 bytes).
    Removing encoder1.o(i.getStage), (228 bytes).
    Removing encoder1.o(i.parameter_read), (2 bytes).
    Removing encoder1.o(i.parameter_save), (2 bytes).
    Removing encoder1.o(i.songsha_fre_change), (100 bytes).
    Removing encoder1.o(.constdata), (84 bytes).
    Removing encoder1.o(.data), (168 bytes).
    Removing bsp_usartx.o(i.Usart_SendByte), (32 bytes).
    Removing bsp_usartx.o(i.Usart_SendStr_length), (24 bytes).
    Removing bsp_usartx.o(i.Usart_SendString), (24 bytes).
    Removing appbase.o(i.APP_init), (8 bytes).
    Removing appbase.o(i.DA0_10_Init), (2 bytes).
    Removing appbase.o(i.DA0_10_Process), (2 bytes).
    Removing appbase.o(i.DA0_10_Start), (2 bytes).
    Removing appbase.o(i.DA0_10_Stop), (2 bytes).
    Removing appbase.o(i.Get_X_Value), (52 bytes).
    Removing appbase.o(i.InPulse10_Start), (2 bytes).
    Removing appbase.o(i.InPulse10_Stop), (2 bytes).
    Removing appbase.o(i.InPulse11_Start), (2 bytes).
    Removing appbase.o(i.InPulse11_Stop), (2 bytes).
    Removing appbase.o(i.InPulse12_Start), (2 bytes).
    Removing appbase.o(i.InPulse12_Stop), (2 bytes).
    Removing appbase.o(i.InPulse13_Start), (2 bytes).
    Removing appbase.o(i.InPulse13_Stop), (2 bytes).
    Removing appbase.o(i.InPulse14_Start), (2 bytes).
    Removing appbase.o(i.InPulse14_Stop), (2 bytes).
    Removing appbase.o(i.InPulse15_Start), (2 bytes).
    Removing appbase.o(i.InPulse1_Start), (2 bytes).
    Removing appbase.o(i.InPulse1_Stop), (2 bytes).
    Removing appbase.o(i.InPulse2_Start), (2 bytes).
    Removing appbase.o(i.InPulse2_Stop), (2 bytes).
    Removing appbase.o(i.InPulse3_Start), (2 bytes).
    Removing appbase.o(i.InPulse3_Stop), (2 bytes).
    Removing appbase.o(i.InPulse4_Start), (2 bytes).
    Removing appbase.o(i.InPulse4_Stop), (2 bytes).
    Removing appbase.o(i.InPulse5_Start), (2 bytes).
    Removing appbase.o(i.InPulse5_Stop), (2 bytes).
    Removing appbase.o(i.InPulse6_Start), (2 bytes).
    Removing appbase.o(i.InPulse6_Stop), (2 bytes).
    Removing appbase.o(i.InPulse7_Start), (2 bytes).
    Removing appbase.o(i.InPulse7_Stop), (2 bytes).
    Removing appbase.o(i.InPulse8_Start), (2 bytes).
    Removing appbase.o(i.InPulse8_Stop), (2 bytes).
    Removing appbase.o(i.InPulse9_Start), (2 bytes).
    Removing appbase.o(i.InPulse9_Stop), (2 bytes).
    Removing appbase.o(i.PulseIn_3_Process), (2 bytes).
    Removing appbase.o(i.PulseIn_4_7_Process), (2 bytes).
    Removing appbase.o(i.PulseIn_8_23_Process), (2 bytes).
    Removing appbase.o(i.PulseOut_1_Process), (2 bytes).
    Removing appbase.o(i.PulseOut_1_Start), (2 bytes).
    Removing appbase.o(i.PulseOut_1_Stop), (2 bytes).
    Removing appbase.o(i.PulseOut_2_Start), (2 bytes).
    Removing appbase.o(i.PulseOut_2_Stop), (2 bytes).
    Removing appbase.o(i.PulseOut_3_Process), (2 bytes).
    Removing appbase.o(i.PulseOut_3_Start), (2 bytes).
    Removing appbase.o(i.PulseOut_3_Stop), (2 bytes).
    Removing appbase.o(i.Pulse_In_Init), (2 bytes).
    Removing appbase.o(i.Pulse_Out_Init), (2 bytes).
    Removing appbase.o(i.X_In_Init), (2 bytes).
    Removing appbase.o(i.Y_Out_Init), (2 bytes).
    Removing appbase.o(i.Y_TOGGLE), (68 bytes).
    Removing 2440lib.o(i.Delay), (28 bytes).
    Removing 2440lib.o(i.Timer0_Init), (2 bytes).
    Removing 2440lib.o(i.Timer0_Stop), (2 bytes).
    Removing 2440lib.o(.data), (5 bytes).
    Removing qz_system.o(i.banci_guanli), (2 bytes).
    Removing qz_system.o(i.banci_judge), (2 bytes).
    Removing qz_system.o(i.banci_prejudge), (2 bytes).
    Removing qz_system.o(i.dingdanlianghua), (2 bytes).
    Removing qz_system.o(i.fenshan_sys_fun), (412 bytes).
    Removing qz_system.o(i.qz_guanliyuan), (148 bytes).
    Removing qz_system.o(i.restore_banci_button_status), (2 bytes).
    Removing qz_system.o(i.shachang_xianshi), (808 bytes).
    Removing qz_system.o(i.youbeng_new_way), (652 bytes).
    Removing qz_system.o(i.youbeng_sys_fun), (480 bytes).
    Removing qz_system.o(.constdata), (15 bytes).
    Removing qz_system.o(.data), (42 bytes).
    Removing init.o(i.bianpingqi_init), (28 bytes).
    Removing init.o(i.encoder1_init), (24 bytes).
    Removing init.o(i.jidianqi_init), (32 bytes).
    Removing init.o(i.menu_init), (504 bytes).
    Removing init.o(i.qz_uart_init), (2 bytes).
    Removing init.o(i.stepmotor_init), (628 bytes).
    Removing init.o(i.zhongduan_init), (288 bytes).
    Removing init.o(.bss), (184 bytes).
    Removing init.o(.data), (4 bytes).
    Removing fmul.o(.text), (100 bytes).
    Removing dmul.o(.text), (228 bytes).
    Removing ddiv.o(.text), (222 bytes).
    Removing ffltui.o(.text), (10 bytes).
    Removing dfltui.o(.text), (26 bytes).
    Removing ffixi.o(.text), (50 bytes).
    Removing dfixui.o(.text), (50 bytes).
    Removing f2d.o(.text), (38 bytes).
    Removing d2f.o(.text), (56 bytes).
    Removing fepilogue.o(.text), (110 bytes).
    Removing depilogue.o(.text), (186 bytes).

324 unused section(s) (total 18914 bytes) removed from the image.

==============================================================================

Image Symbol Table

    Local Symbols

    Symbol Name                              Value     Ov Type        Size  Object(Section)

    ../clib/microlib/init/entry.s            0x00000000   Number         0  entry7a.o ABSOLUTE
    ../clib/microlib/init/entry.s            0x00000000   Number         0  entry11a.o ABSOLUTE
    ../clib/microlib/init/entry.s            0x00000000   Number         0  entry.o ABSOLUTE
    ../clib/microlib/init/entry.s            0x00000000   Number         0  entry10b.o ABSOLUTE
    ../clib/microlib/init/entry.s            0x00000000   Number         0  entry2.o ABSOLUTE
    ../clib/microlib/init/entry.s            0x00000000   Number         0  entry11b.o ABSOLUTE
    ../clib/microlib/init/entry.s            0x00000000   Number         0  entry10a.o ABSOLUTE
    ../clib/microlib/init/entry.s            0x00000000   Number         0  entry9b.o ABSOLUTE
    ../clib/microlib/init/entry.s            0x00000000   Number         0  entry9a.o ABSOLUTE
    ../clib/microlib/init/entry.s            0x00000000   Number         0  entry5.o ABSOLUTE
    ../clib/microlib/init/entry.s            0x00000000   Number         0  entry8b.o ABSOLUTE
    ../clib/microlib/init/entry.s            0x00000000   Number         0  entry7b.o ABSOLUTE
    ../clib/microlib/init/entry.s            0x00000000   Number         0  entry8a.o ABSOLUTE
    ../clib/microlib/longlong.c              0x00000000   Number         0  llushr.o ABSOLUTE
    ../clib/microlib/longlong.c              0x00000000   Number         0  llshl.o ABSOLUTE
    ../clib/microlib/string/memset.c         0x00000000   Number         0  memseta.o ABSOLUTE
    ../clib/microlib/string/strcpy.c         0x00000000   Number         0  strcpy.o ABSOLUTE
    ../clib/microlib/stubs.s                 0x00000000   Number         0  iusefp.o ABSOLUTE
    ../fplib/microlib/d2f.c                  0x00000000   Number         0  d2f.o ABSOLUTE
    ../fplib/microlib/f2d.c                  0x00000000   Number         0  f2d.o ABSOLUTE
    ../fplib/microlib/fpdiv.c                0x00000000   Number         0  ddiv.o ABSOLUTE
    ../fplib/microlib/fpepilogue.c           0x00000000   Number         0  depilogue.o ABSOLUTE
    ../fplib/microlib/fpepilogue.c           0x00000000   Number         0  fepilogue.o ABSOLUTE
    ../fplib/microlib/fpfix.c                0x00000000   Number         0  dfixui.o ABSOLUTE
    ../fplib/microlib/fpfix.c                0x00000000   Number         0  ffixi.o ABSOLUTE
    ../fplib/microlib/fpflt.c                0x00000000   Number         0  ffltui.o ABSOLUTE
    ../fplib/microlib/fpflt.c                0x00000000   Number         0  dfltui.o ABSOLUTE
    ../fplib/microlib/fpmul.c                0x00000000   Number         0  fmul.o ABSOLUTE
    ../fplib/microlib/fpmul.c                0x00000000   Number         0  dmul.o ABSOLUTE
    2416\2440lib.c                           0x00000000   Number         0  2440lib.o ABSOLUTE
    2416\appBase.c                           0x00000000   Number         0  appbase.o ABSOLUTE
    2416\communication.c                     0x00000000   Number         0  communication.o ABSOLUTE
    Lib\CMSIS\CM3\CoreSupport\core_cm3.c     0x00000000   Number         0  core_cm3.o ABSOLUTE
    Lib\CMSIS\CM3\DeviceSupport\ST\STM32F10x\startup\arm\startup_stm32f10x_hd.s 0x00000000   Number         0  startup_stm32f10x_hd.o ABSOLUTE
    Lib\CMSIS\CM3\DeviceSupport\ST\STM32F10x\system_stm32f10x.c 0x00000000   Number         0  system_stm32f10x.o ABSOLUTE
    Lib\STM32F10x_StdPeriph_Driver\src\misc.c 0x00000000   Number         0  misc.o ABSOLUTE
    Lib\STM32F10x_StdPeriph_Driver\src\stm32f10x_exti.c 0x00000000   Number         0  stm32f10x_exti.o ABSOLUTE
    Lib\STM32F10x_StdPeriph_Driver\src\stm32f10x_flash.c 0x00000000   Number         0  stm32f10x_flash.o ABSOLUTE
    Lib\STM32F10x_StdPeriph_Driver\src\stm32f10x_gpio.c 0x00000000   Number         0  stm32f10x_gpio.o ABSOLUTE
    Lib\STM32F10x_StdPeriph_Driver\src\stm32f10x_rcc.c 0x00000000   Number         0  stm32f10x_rcc.o ABSOLUTE
    Lib\STM32F10x_StdPeriph_Driver\src\stm32f10x_tim.c 0x00000000   Number         0  stm32f10x_tim.o ABSOLUTE
    Lib\STM32F10x_StdPeriph_Driver\src\stm32f10x_usart.c 0x00000000   Number         0  stm32f10x_usart.o ABSOLUTE
    Lib\\CMSIS\\CM3\\CoreSupport\\core_cm3.c 0x00000000   Number         0  core_cm3.o ABSOLUTE
    Quanzhou\bianmaqi\encoder1.c             0x00000000   Number         0  encoder1.o ABSOLUTE
    Quanzhou\bianpingqi\bsp_bianpingqi.c     0x00000000   Number         0  bsp_bianpingqi.o ABSOLUTE
    Quanzhou\bsp_SysTick.c                   0x00000000   Number         0  bsp_systick.o ABSOLUTE
    Quanzhou\bsp_usart\bsp_usartx.c          0x00000000   Number         0  bsp_usartx.o ABSOLUTE
    Quanzhou\delay\delay.c                   0x00000000   Number         0  delay.o ABSOLUTE
    Quanzhou\jidianqi\bsp_16jidianqi.c       0x00000000   Number         0  bsp_16jidianqi.o ABSOLUTE
    Quanzhou\watchdog\wdt.c                  0x00000000   Number         0  wdt.o ABSOLUTE
    User\main.c                              0x00000000   Number         0  main.o ABSOLUTE
    User\stm32f10x_it.c                      0x00000000   Number         0  stm32f10x_it.o ABSOLUTE
    dc.s                                     0x00000000   Number         0  dc.o ABSOLUTE
    handlers.s                               0x00000000   Number         0  handlers.o ABSOLUTE
    init.s                                   0x00000000   Number         0  init.o ABSOLUTE
    init\init.c                              0x00000000   Number         0  init.o ABSOLUTE
    system\qz_system.c                       0x00000000   Number         0  qz_system.o ABSOLUTE
    ÖÐ¶Ï\zhongduan.c                         0x00000000   Number         0  zhongduan.o ABSOLUTE
    RESET                                    0x08000000   Section      304  startup_stm32f10x_hd.o(RESET)
    .ARM.Collect$$$$00000000                 0x08000130   Section        0  entry.o(.ARM.Collect$$$$00000000)
    .ARM.Collect$$$$00000001                 0x08000130   Section        4  entry2.o(.ARM.Collect$$$$00000001)
    .ARM.Collect$$$$00000004                 0x08000134   Section        4  entry5.o(.ARM.Collect$$$$00000004)
    .ARM.Collect$$$$00000008                 0x08000138   Section        0  entry7b.o(.ARM.Collect$$$$00000008)
    .ARM.Collect$$$$0000000A                 0x08000138   Section        0  entry8b.o(.ARM.Collect$$$$0000000A)
    .ARM.Collect$$$$0000000B                 0x08000138   Section        8  entry9a.o(.ARM.Collect$$$$0000000B)
    .ARM.Collect$$$$0000000D                 0x08000140   Section        0  entry10a.o(.ARM.Collect$$$$0000000D)
    .ARM.Collect$$$$0000000F                 0x08000140   Section        0  entry11a.o(.ARM.Collect$$$$0000000F)
    .ARM.Collect$$$$00002712                 0x08000140   Section        4  entry2.o(.ARM.Collect$$$$00002712)
    __lit__00000000                          0x08000140   Data           4  entry2.o(.ARM.Collect$$$$00002712)
    .text                                    0x08000144   Section       36  startup_stm32f10x_hd.o(.text)
    .text                                    0x08000168   Section        0  memseta.o(.text)
    .text                                    0x0800018c   Section       36  init.o(.text)
    i.BusFault_Handler                       0x080001b0   Section        0  stm32f10x_it.o(i.BusFault_Handler)
    i.CRC1                                   0x080001b4   Section        0  communication.o(i.CRC1)
    i.DebugMon_Handler                       0x080001f0   Section        0  stm32f10x_it.o(i.DebugMon_Handler)
    i.Delay_qz_sub                           0x080001f4   Section        0  delay.o(i.Delay_qz_sub)
    i.EXTI9_5_IRQHandler                     0x0800025c   Section        0  appbase.o(i.EXTI9_5_IRQHandler)
    i.EXTI_ClearITPendingBit                 0x080002d0   Section        0  stm32f10x_exti.o(i.EXTI_ClearITPendingBit)
    i.EXTI_GetITStatus                       0x080002dc   Section        0  stm32f10x_exti.o(i.EXTI_GetITStatus)
    i.EXTI_Init                              0x08000304   Section        0  stm32f10x_exti.o(i.EXTI_Init)
    i.GENERAL_TIMx_NVIC_Configuration        0x08000398   Section        0  delay.o(i.GENERAL_TIMx_NVIC_Configuration)
    i.GPIO_Configuration                     0x080003c4   Section        0  appbase.o(i.GPIO_Configuration)
    i.GPIO_EXTILineConfig                    0x08000494   Section        0  stm32f10x_gpio.o(i.GPIO_EXTILineConfig)
    i.GPIO_Init                              0x080004d4   Section        0  stm32f10x_gpio.o(i.GPIO_Init)
    i.GPIO_ResetBits                         0x080005ea   Section        0  stm32f10x_gpio.o(i.GPIO_ResetBits)
    i.GPIO_SetBits                           0x080005ee   Section        0  stm32f10x_gpio.o(i.GPIO_SetBits)
    i.HardFault_Handler                      0x080005f2   Section        0  stm32f10x_it.o(i.HardFault_Handler)
    i.MemManage_Handler                      0x080005f6   Section        0  stm32f10x_it.o(i.MemManage_Handler)
    i.NMI_Handler                            0x080005fa   Section        0  stm32f10x_it.o(i.NMI_Handler)
    i.NVIC_Init                              0x080005fc   Section        0  misc.o(i.NVIC_Init)
    i.NVIC_PriorityGroupConfig               0x0800066c   Section        0  misc.o(i.NVIC_PriorityGroupConfig)
    i.PendSV_Handler                         0x08000680   Section        0  stm32f10x_it.o(i.PendSV_Handler)
    i.RCC_APB1PeriphClockCmd                 0x08000684   Section        0  stm32f10x_rcc.o(i.RCC_APB1PeriphClockCmd)
    i.RCC_APB2PeriphClockCmd                 0x080006a4   Section        0  stm32f10x_rcc.o(i.RCC_APB2PeriphClockCmd)
    i.RCC_Configuration                      0x080006c4   Section        0  appbase.o(i.RCC_Configuration)
    i.RCC_GetClocksFreq                      0x080006d4   Section        0  stm32f10x_rcc.o(i.RCC_GetClocksFreq)
    i.RS232_USARTx_Config                    0x080007a8   Section        0  bsp_usartx.o(i.RS232_USARTx_Config)
    i.RS485_USARTx_Config                    0x08000860   Section        0  bsp_usartx.o(i.RS485_USARTx_Config)
    i.SVC_Handler                            0x08000904   Section        0  stm32f10x_it.o(i.SVC_Handler)
    i.SetSysClock                            0x08000906   Section        0  system_stm32f10x.o(i.SetSysClock)
    SetSysClock                              0x08000907   Thumb Code     8  system_stm32f10x.o(i.SetSysClock)
    i.SetSysClockTo72                        0x08000910   Section        0  system_stm32f10x.o(i.SetSysClockTo72)
    SetSysClockTo72                          0x08000911   Thumb Code   214  system_stm32f10x.o(i.SetSysClockTo72)
    i.Set_Y_Value                            0x080009f0   Section        0  appbase.o(i.Set_Y_Value)
    i.SysTick_Handler                        0x08000ae4   Section        0  stm32f10x_it.o(i.SysTick_Handler)
    i.SystemInit                             0x08000aec   Section        0  system_stm32f10x.o(i.SystemInit)
    i.TIM6_IRQHandler                        0x08000b4c   Section        0  stm32f10x_it.o(i.TIM6_IRQHandler)
    i.TIM_ClearITPendingBit                  0x08000b9c   Section        0  stm32f10x_tim.o(i.TIM_ClearITPendingBit)
    i.TIM_Cmd                                0x08000ba2   Section        0  stm32f10x_tim.o(i.TIM_Cmd)
    i.TIM_GetITStatus                        0x08000bba   Section        0  stm32f10x_tim.o(i.TIM_GetITStatus)
    i.TIM_ITConfig                           0x08000bdc   Section        0  stm32f10x_tim.o(i.TIM_ITConfig)
    i.TIM_TimeBaseInit                       0x08000bf0   Section        0  stm32f10x_tim.o(i.TIM_TimeBaseInit)
    i.Timer0_init_quanzhou                   0x08000c94   Section        0  delay.o(i.Timer0_init_quanzhou)
    i.TimingDelay_Decrement                  0x08000cdc   Section        0  bsp_systick.o(i.TimingDelay_Decrement)
    i.USART1_IRQHandler                      0x08000d14   Section        0  bsp_usartx.o(i.USART1_IRQHandler)
    i.USART_ClearFlag                        0x08000ebc   Section        0  stm32f10x_usart.o(i.USART_ClearFlag)
    i.USART_ClearITPendingBit                0x08000ece   Section        0  stm32f10x_usart.o(i.USART_ClearITPendingBit)
    i.USART_Cmd                              0x08000eec   Section        0  stm32f10x_usart.o(i.USART_Cmd)
    i.USART_GetFlagStatus                    0x08000f04   Section        0  stm32f10x_usart.o(i.USART_GetFlagStatus)
    i.USART_GetITStatus                      0x08000f1e   Section        0  stm32f10x_usart.o(i.USART_GetITStatus)
    i.USART_ITConfig                         0x08000f72   Section        0  stm32f10x_usart.o(i.USART_ITConfig)
    i.USART_Init                             0x08000fbc   Section        0  stm32f10x_usart.o(i.USART_Init)
    i.USART_ReceiveChar                      0x08001094   Section        0  bsp_usartx.o(i.USART_ReceiveChar)
    i.USART_SendChar                         0x0800109c   Section        0  bsp_usartx.o(i.USART_SendChar)
    i.UsageFault_Handler                     0x080010a2   Section        0  stm32f10x_it.o(i.UsageFault_Handler)
    i.X1_EXIT_Config                         0x080010a8   Section        0  appbase.o(i.X1_EXIT_Config)
    i.__scatterload_copy                     0x0800111c   Section       14  handlers.o(i.__scatterload_copy)
    i.__scatterload_null                     0x0800112a   Section        2  handlers.o(i.__scatterload_null)
    i.__scatterload_zeroinit                 0x0800112c   Section       14  handlers.o(i.__scatterload_zeroinit)
    i.main                                   0x0800113a   Section        0  main.o(i.main)
    i.send_bianliang                         0x08001158   Section        0  stm32f10x_it.o(i.send_bianliang)
    send_bianliang                           0x08001159   Thumb Code    14  stm32f10x_it.o(i.send_bianliang)
    .data                                    0x20000000   Section        4  main.o(.data)
    .data                                    0x20000004   Section        4  stm32f10x_it.o(.data)
    num_timer                                0x20000004   Data           4  stm32f10x_it.o(.data)
    .data                                    0x20000008   Section       20  stm32f10x_rcc.o(.data)
    APBAHBPrescTable                         0x20000008   Data          16  stm32f10x_rcc.o(.data)
    ADCPrescTable                            0x20000018   Data           4  stm32f10x_rcc.o(.data)
    .data                                    0x2000001c   Section        8  bsp_systick.o(.data)
    .data                                    0x20000024   Section        9  bsp_usartx.o(.data)
    read_memory_status                       0x20000028   Data           4  bsp_usartx.o(.data)
    Res_start                                0x2000002c   Data           1  bsp_usartx.o(.data)
    .data                                    0x20000030   Section       32  appbase.o(.data)
    .bss                                     0x20000050   Section     8192  bsp_16jidianqi.o(.bss)
    .bss                                     0x20002050   Section       24  delay.o(.bss)
    .bss                                     0x20002068   Section      200  bsp_usartx.o(.bss)
    .bss                                     0x20002130   Section       88  appbase.o(.bss)
    .bss                                     0x20002188   Section       62  qz_system.o(.bss)
    STACK                                    0x200021c8   Section     1024  startup_stm32f10x_hd.o(STACK)

    Global Symbols

    Symbol Name                              Value     Ov Type        Size  Object(Section)

    BuildAttributes$$THM_ISAv4$P$D$K$B$S$PE$A:L22UL41UL21$X:L11$S22US41US21$IEEE1$IW$USESV6$~STKCKD$USESV7$~SHL$OTIME$ROPI$EBA8$MICROLIB$REQ8$PRES8$EABIv2 0x00000000   Number         0  anon$$obj.o ABSOLUTE
    __ARM_use_no_argv                        0x00000000   Number         0  main.o ABSOLUTE
    __cpp_initialize__aeabi_                  - Undefined Weak Reference
    __cxa_finalize                            - Undefined Weak Reference
    __decompress                              - Undefined Weak Reference
    _clock_init                               - Undefined Weak Reference
    _microlib_exit                            - Undefined Weak Reference
    __Vectors_Size                           0x00000130   Number         0  startup_stm32f10x_hd.o ABSOLUTE
    __Vectors                                0x08000000   Data           4  startup_stm32f10x_hd.o(RESET)
    __Vectors_End                            0x08000130   Data           0  startup_stm32f10x_hd.o(RESET)
    __main                                   0x08000131   Thumb Code     0  entry.o(.ARM.Collect$$$$00000000)
    _main_stk                                0x08000131   Thumb Code     0  entry2.o(.ARM.Collect$$$$00000001)
    _main_scatterload                        0x08000135   Thumb Code     0  entry5.o(.ARM.Collect$$$$00000004)
    __main_after_scatterload                 0x08000139   Thumb Code     0  entry5.o(.ARM.Collect$$$$00000004)
    _main_clock                              0x08000139   Thumb Code     0  entry7b.o(.ARM.Collect$$$$00000008)
    _main_cpp_init                           0x08000139   Thumb Code     0  entry8b.o(.ARM.Collect$$$$0000000A)
    _main_init                               0x08000139   Thumb Code     0  entry9a.o(.ARM.Collect$$$$0000000B)
    __rt_final_cpp                           0x08000141   Thumb Code     0  entry10a.o(.ARM.Collect$$$$0000000D)
    __rt_final_exit                          0x08000141   Thumb Code     0  entry11a.o(.ARM.Collect$$$$0000000F)
    Reset_Handler                            0x08000145   Thumb Code     8  startup_stm32f10x_hd.o(.text)
    ADC1_2_IRQHandler                        0x0800015f   Thumb Code     0  startup_stm32f10x_hd.o(.text)
    ADC3_IRQHandler                          0x0800015f   Thumb Code     0  startup_stm32f10x_hd.o(.text)
    CAN1_RX1_IRQHandler                      0x0800015f   Thumb Code     0  startup_stm32f10x_hd.o(.text)
    CAN1_SCE_IRQHandler                      0x0800015f   Thumb Code     0  startup_stm32f10x_hd.o(.text)
    DMA1_Channel1_IRQHandler                 0x0800015f   Thumb Code     0  startup_stm32f10x_hd.o(.text)
    DMA1_Channel2_IRQHandler                 0x0800015f   Thumb Code     0  startup_stm32f10x_hd.o(.text)
    DMA1_Channel3_IRQHandler                 0x0800015f   Thumb Code     0  startup_stm32f10x_hd.o(.text)
    DMA1_Channel4_IRQHandler                 0x0800015f   Thumb Code     0  startup_stm32f10x_hd.o(.text)
    DMA1_Channel5_IRQHandler                 0x0800015f   Thumb Code     0  startup_stm32f10x_hd.o(.text)
    DMA1_Channel6_IRQHandler                 0x0800015f   Thumb Code     0  startup_stm32f10x_hd.o(.text)
    DMA1_Channel7_IRQHandler                 0x0800015f   Thumb Code     0  startup_stm32f10x_hd.o(.text)
    DMA2_Channel1_IRQHandler                 0x0800015f   Thumb Code     0  startup_stm32f10x_hd.o(.text)
    DMA2_Channel2_IRQHandler                 0x0800015f   Thumb Code     0  startup_stm32f10x_hd.o(.text)
    DMA2_Channel3_IRQHandler                 0x0800015f   Thumb Code     0  startup_stm32f10x_hd.o(.text)
    DMA2_Channel4_5_IRQHandler               0x0800015f   Thumb Code     0  startup_stm32f10x_hd.o(.text)
    EXTI0_IRQHandler                         0x0800015f   Thumb Code     0  startup_stm32f10x_hd.o(.text)
    EXTI15_10_IRQHandler                     0x0800015f   Thumb Code     0  startup_stm32f10x_hd.o(.text)
    EXTI1_IRQHandler                         0x0800015f   Thumb Code     0  startup_stm32f10x_hd.o(.text)
    EXTI2_IRQHandler                         0x0800015f   Thumb Code     0  startup_stm32f10x_hd.o(.text)
    EXTI3_IRQHandler                         0x0800015f   Thumb Code     0  startup_stm32f10x_hd.o(.text)
    EXTI4_IRQHandler                         0x0800015f   Thumb Code     0  startup_stm32f10x_hd.o(.text)
    FLASH_IRQHandler                         0x0800015f   Thumb Code     0  startup_stm32f10x_hd.o(.text)
    FSMC_IRQHandler                          0x0800015f   Thumb Code     0  startup_stm32f10x_hd.o(.text)
    I2C1_ER_IRQHandler                       0x0800015f   Thumb Code     0  startup_stm32f10x_hd.o(.text)
    I2C1_EV_IRQHandler                       0x0800015f   Thumb Code     0  startup_stm32f10x_hd.o(.text)
    I2C2_ER_IRQHandler                       0x0800015f   Thumb Code     0  startup_stm32f10x_hd.o(.text)
    I2C2_EV_IRQHandler                       0x0800015f   Thumb Code     0  startup_stm32f10x_hd.o(.text)
    PVD_IRQHandler                           0x0800015f   Thumb Code     0  startup_stm32f10x_hd.o(.text)
    RCC_IRQHandler                           0x0800015f   Thumb Code     0  startup_stm32f10x_hd.o(.text)
    RTCAlarm_IRQHandler                      0x0800015f   Thumb Code     0  startup_stm32f10x_hd.o(.text)
    RTC_IRQHandler                           0x0800015f   Thumb Code     0  startup_stm32f10x_hd.o(.text)
    SDIO_IRQHandler                          0x0800015f   Thumb Code     0  startup_stm32f10x_hd.o(.text)
    SPI1_IRQHandler                          0x0800015f   Thumb Code     0  startup_stm32f10x_hd.o(.text)
    SPI2_IRQHandler                          0x0800015f   Thumb Code     0  startup_stm32f10x_hd.o(.text)
    SPI3_IRQHandler                          0x0800015f   Thumb Code     0  startup_stm32f10x_hd.o(.text)
    TAMPER_IRQHandler                        0x0800015f   Thumb Code     0  startup_stm32f10x_hd.o(.text)
    TIM1_BRK_IRQHandler                      0x0800015f   Thumb Code     0  startup_stm32f10x_hd.o(.text)
    TIM1_CC_IRQHandler                       0x0800015f   Thumb Code     0  startup_stm32f10x_hd.o(.text)
    TIM1_TRG_COM_IRQHandler                  0x0800015f   Thumb Code     0  startup_stm32f10x_hd.o(.text)
    TIM1_UP_IRQHandler                       0x0800015f   Thumb Code     0  startup_stm32f10x_hd.o(.text)
    TIM2_IRQHandler                          0x0800015f   Thumb Code     0  startup_stm32f10x_hd.o(.text)
    TIM3_IRQHandler                          0x0800015f   Thumb Code     0  startup_stm32f10x_hd.o(.text)
    TIM4_IRQHandler                          0x0800015f   Thumb Code     0  startup_stm32f10x_hd.o(.text)
    TIM5_IRQHandler                          0x0800015f   Thumb Code     0  startup_stm32f10x_hd.o(.text)
    TIM7_IRQHandler                          0x0800015f   Thumb Code     0  startup_stm32f10x_hd.o(.text)
    TIM8_BRK_IRQHandler                      0x0800015f   Thumb Code     0  startup_stm32f10x_hd.o(.text)
    TIM8_CC_IRQHandler                       0x0800015f   Thumb Code     0  startup_stm32f10x_hd.o(.text)
    TIM8_TRG_COM_IRQHandler                  0x0800015f   Thumb Code     0  startup_stm32f10x_hd.o(.text)
    TIM8_UP_IRQHandler                       0x0800015f   Thumb Code     0  startup_stm32f10x_hd.o(.text)
    UART4_IRQHandler                         0x0800015f   Thumb Code     0  startup_stm32f10x_hd.o(.text)
    UART5_IRQHandler                         0x0800015f   Thumb Code     0  startup_stm32f10x_hd.o(.text)
    USART2_IRQHandler                        0x0800015f   Thumb Code     0  startup_stm32f10x_hd.o(.text)
    USART3_IRQHandler                        0x0800015f   Thumb Code     0  startup_stm32f10x_hd.o(.text)
    USBWakeUp_IRQHandler                     0x0800015f   Thumb Code     0  startup_stm32f10x_hd.o(.text)
    USB_HP_CAN1_TX_IRQHandler                0x0800015f   Thumb Code     0  startup_stm32f10x_hd.o(.text)
    USB_LP_CAN1_RX0_IRQHandler               0x0800015f   Thumb Code     0  startup_stm32f10x_hd.o(.text)
    WWDG_IRQHandler                          0x0800015f   Thumb Code     0  startup_stm32f10x_hd.o(.text)
    __aeabi_memset                           0x08000169   Thumb Code    14  memseta.o(.text)
    __aeabi_memset4                          0x08000169   Thumb Code     0  memseta.o(.text)
    __aeabi_memset8                          0x08000169   Thumb Code     0  memseta.o(.text)
    __aeabi_memclr                           0x08000177   Thumb Code     4  memseta.o(.text)
    __aeabi_memclr4                          0x08000177   Thumb Code     0  memseta.o(.text)
    __aeabi_memclr8                          0x08000177   Thumb Code     0  memseta.o(.text)
    _memset$wrapper                          0x0800017b   Thumb Code    18  memseta.o(.text)
    __scatterload                            0x0800018d   Thumb Code    28  init.o(.text)
    __scatterload_rt2                        0x0800018d   Thumb Code     0  init.o(.text)
    BusFault_Handler                         0x080001b1   Thumb Code     4  stm32f10x_it.o(i.BusFault_Handler)
    CRC1                                     0x080001b5   Thumb Code    60  communication.o(i.CRC1)
    DebugMon_Handler                         0x080001f1   Thumb Code     2  stm32f10x_it.o(i.DebugMon_Handler)
    Delay_qz_sub                             0x080001f5   Thumb Code   100  delay.o(i.Delay_qz_sub)
    EXTI9_5_IRQHandler                       0x0800025d   Thumb Code    98  appbase.o(i.EXTI9_5_IRQHandler)
    EXTI_ClearITPendingBit                   0x080002d1   Thumb Code     6  stm32f10x_exti.o(i.EXTI_ClearITPendingBit)
    EXTI_GetITStatus                         0x080002dd   Thumb Code    34  stm32f10x_exti.o(i.EXTI_GetITStatus)
    EXTI_Init                                0x08000305   Thumb Code   142  stm32f10x_exti.o(i.EXTI_Init)
    GENERAL_TIMx_NVIC_Configuration          0x08000399   Thumb Code    42  delay.o(i.GENERAL_TIMx_NVIC_Configuration)
    GPIO_Configuration                       0x080003c5   Thumb Code   190  appbase.o(i.GPIO_Configuration)
    GPIO_EXTILineConfig                      0x08000495   Thumb Code    60  stm32f10x_gpio.o(i.GPIO_EXTILineConfig)
    GPIO_Init                                0x080004d5   Thumb Code   278  stm32f10x_gpio.o(i.GPIO_Init)
    GPIO_ResetBits                           0x080005eb   Thumb Code     4  stm32f10x_gpio.o(i.GPIO_ResetBits)
    GPIO_SetBits                             0x080005ef   Thumb Code     4  stm32f10x_gpio.o(i.GPIO_SetBits)
    HardFault_Handler                        0x080005f3   Thumb Code     4  stm32f10x_it.o(i.HardFault_Handler)
    MemManage_Handler                        0x080005f7   Thumb Code     4  stm32f10x_it.o(i.MemManage_Handler)
    NMI_Handler                              0x080005fb   Thumb Code     2  stm32f10x_it.o(i.NMI_Handler)
    NVIC_Init                                0x080005fd   Thumb Code   100  misc.o(i.NVIC_Init)
    NVIC_PriorityGroupConfig                 0x0800066d   Thumb Code    10  misc.o(i.NVIC_PriorityGroupConfig)
    PendSV_Handler                           0x08000681   Thumb Code     2  stm32f10x_it.o(i.PendSV_Handler)
    RCC_APB1PeriphClockCmd                   0x08000685   Thumb Code    26  stm32f10x_rcc.o(i.RCC_APB1PeriphClockCmd)
    RCC_APB2PeriphClockCmd                   0x080006a5   Thumb Code    26  stm32f10x_rcc.o(i.RCC_APB2PeriphClockCmd)
    RCC_Configuration                        0x080006c5   Thumb Code    16  appbase.o(i.RCC_Configuration)
    RCC_GetClocksFreq                        0x080006d5   Thumb Code   192  stm32f10x_rcc.o(i.RCC_GetClocksFreq)
    RS232_USARTx_Config                      0x080007a9   Thumb Code   176  bsp_usartx.o(i.RS232_USARTx_Config)
    RS485_USARTx_Config                      0x08000861   Thumb Code   150  bsp_usartx.o(i.RS485_USARTx_Config)
    SVC_Handler                              0x08000905   Thumb Code     2  stm32f10x_it.o(i.SVC_Handler)
    Set_Y_Value                              0x080009f1   Thumb Code   234  appbase.o(i.Set_Y_Value)
    SysTick_Handler                          0x08000ae5   Thumb Code     8  stm32f10x_it.o(i.SysTick_Handler)
    SystemInit                               0x08000aed   Thumb Code    78  system_stm32f10x.o(i.SystemInit)
    TIM6_IRQHandler                          0x08000b4d   Thumb Code    66  stm32f10x_it.o(i.TIM6_IRQHandler)
    TIM_ClearITPendingBit                    0x08000b9d   Thumb Code     6  stm32f10x_tim.o(i.TIM_ClearITPendingBit)
    TIM_Cmd                                  0x08000ba3   Thumb Code    24  stm32f10x_tim.o(i.TIM_Cmd)
    TIM_GetITStatus                          0x08000bbb   Thumb Code    34  stm32f10x_tim.o(i.TIM_GetITStatus)
    TIM_ITConfig                             0x08000bdd   Thumb Code    18  stm32f10x_tim.o(i.TIM_ITConfig)
    TIM_TimeBaseInit                         0x08000bf1   Thumb Code   122  stm32f10x_tim.o(i.TIM_TimeBaseInit)
    Timer0_init_quanzhou                     0x08000c95   Thumb Code    66  delay.o(i.Timer0_init_quanzhou)
    TimingDelay_Decrement                    0x08000cdd   Thumb Code    46  bsp_systick.o(i.TimingDelay_Decrement)
    USART1_IRQHandler                        0x08000d15   Thumb Code   386  bsp_usartx.o(i.USART1_IRQHandler)
    USART_ClearFlag                          0x08000ebd   Thumb Code    18  stm32f10x_usart.o(i.USART_ClearFlag)
    USART_ClearITPendingBit                  0x08000ecf   Thumb Code    30  stm32f10x_usart.o(i.USART_ClearITPendingBit)
    USART_Cmd                                0x08000eed   Thumb Code    24  stm32f10x_usart.o(i.USART_Cmd)
    USART_GetFlagStatus                      0x08000f05   Thumb Code    26  stm32f10x_usart.o(i.USART_GetFlagStatus)
    USART_GetITStatus                        0x08000f1f   Thumb Code    84  stm32f10x_usart.o(i.USART_GetITStatus)
    USART_ITConfig                           0x08000f73   Thumb Code    74  stm32f10x_usart.o(i.USART_ITConfig)
    USART_Init                               0x08000fbd   Thumb Code   210  stm32f10x_usart.o(i.USART_Init)
    USART_ReceiveChar                        0x08001095   Thumb Code     8  bsp_usartx.o(i.USART_ReceiveChar)
    USART_SendChar                           0x0800109d   Thumb Code     6  bsp_usartx.o(i.USART_SendChar)
    UsageFault_Handler                       0x080010a3   Thumb Code     4  stm32f10x_it.o(i.UsageFault_Handler)
    X1_EXIT_Config                           0x080010a9   Thumb Code   112  appbase.o(i.X1_EXIT_Config)
    __scatterload_copy                       0x0800111d   Thumb Code    14  handlers.o(i.__scatterload_copy)
    __scatterload_null                       0x0800112b   Thumb Code     2  handlers.o(i.__scatterload_null)
    __scatterload_zeroinit                   0x0800112d   Thumb Code    14  handlers.o(i.__scatterload_zeroinit)
    main                                     0x0800113b   Thumb Code    30  main.o(i.main)
    Region$$Table$$Base                      0x0800116c   Number         0  anon$$obj.o(Region$$Table)
    Region$$Table$$Limit                     0x0800118c   Number         0  anon$$obj.o(Region$$Table)
    main_enter_flag                          0x20000000   Data           1  main.o(.data)
    timer_count                              0x20000002   Data           2  main.o(.data)
    Timing_1ms                               0x2000001c   Data           4  bsp_systick.o(.data)
    TimingDelayFlag                          0x20000020   Data           4  bsp_systick.o(.data)
    USART_RX_STA                             0x20000024   Data           2  bsp_usartx.o(.data)
    k_motor                                  0x20000030   Data          28  appbase.o(.data)
    a                                        0x2000004c   Data           4  appbase.o(.data)
    g_InteralMemory                          0x20000050   Data        8192  bsp_16jidianqi.o(.bss)
    delay_fac                                0x20002050   Data          24  delay.o(.bss)
    USART_RX_BUF                             0x20002068   Data         200  bsp_usartx.o(.bss)
    motor_factor                             0x20002130   Data          28  appbase.o(.bss)
    InPulseCount                             0x2000214c   Data          28  appbase.o(.bss)
    OutPulse_PreSet                          0x20002168   Data          16  appbase.o(.bss)
    OutPulse_Counter                         0x20002178   Data          16  appbase.o(.bss)
    songsha_rate                             0x20002188   Data          16  qz_system.o(.bss)
    songsha_num                              0x20002198   Data          14  qz_system.o(.bss)
    banci                                    0x200021a8   Data          20  qz_system.o(.bss)
    s_banci                                  0x200021bc   Data          10  qz_system.o(.bss)
    __initial_sp                             0x200025c8   Data           0  startup_stm32f10x_hd.o(STACK)



==============================================================================

Memory Map of the image

  Image Entry point : 0x08000131

  Load Region LR_IROM1 (Base: 0x08000000, Size: 0x000011dc, Max: 0x00040000, ABSOLUTE)

    Execution Region ER_IROM1 (Base: 0x08000000, Size: 0x0000118c, Max: 0x00040000, ABSOLUTE)

    Base Addr    Size         Type   Attr      Idx    E Section Name        Object

    0x08000000   0x00000130   Data   RO            3    RESET               startup_stm32f10x_hd.o
    0x08000130   0x00000000   Code   RO         2590  * .ARM.Collect$$$$00000000  mc_w.l(entry.o)
    0x08000130   0x00000004   Code   RO         2615    .ARM.Collect$$$$00000001  mc_w.l(entry2.o)
    0x08000134   0x00000004   Code   RO         2618    .ARM.Collect$$$$00000004  mc_w.l(entry5.o)
    0x08000138   0x00000000   Code   RO         2620    .ARM.Collect$$$$00000008  mc_w.l(entry7b.o)
    0x08000138   0x00000000   Code   RO         2622    .ARM.Collect$$$$0000000A  mc_w.l(entry8b.o)
    0x08000138   0x00000008   Code   RO         2623    .ARM.Collect$$$$0000000B  mc_w.l(entry9a.o)
    0x08000140   0x00000000   Code   RO         2625    .ARM.Collect$$$$0000000D  mc_w.l(entry10a.o)
    0x08000140   0x00000000   Code   RO         2627    .ARM.Collect$$$$0000000F  mc_w.l(entry11a.o)
    0x08000140   0x00000004   Code   RO         2616    .ARM.Collect$$$$00002712  mc_w.l(entry2.o)
    0x08000144   0x00000024   Code   RO            4    .text               startup_stm32f10x_hd.o
    0x08000168   0x00000024   Code   RO         2593    .text               mc_w.l(memseta.o)
    0x0800018c   0x00000024   Code   RO         2636    .text               mc_w.l(init.o)
    0x080001b0   0x00000004   Code   RO          246    i.BusFault_Handler  stm32f10x_it.o
    0x080001b4   0x0000003c   Code   RO         2393    i.CRC1              communication.o
    0x080001f0   0x00000002   Code   RO          247    i.DebugMon_Handler  stm32f10x_it.o
    0x080001f2   0x00000002   PAD
    0x080001f4   0x00000068   Code   RO         1867    i.Delay_qz_sub      delay.o
    0x0800025c   0x00000074   Code   RO         2047    i.EXTI9_5_IRQHandler  appbase.o
    0x080002d0   0x0000000c   Code   RO         1412    i.EXTI_ClearITPendingBit  stm32f10x_exti.o
    0x080002dc   0x00000028   Code   RO         1416    i.EXTI_GetITStatus  stm32f10x_exti.o
    0x08000304   0x00000094   Code   RO         1417    i.EXTI_Init         stm32f10x_exti.o
    0x08000398   0x0000002a   Code   RO         1868    i.GENERAL_TIMx_NVIC_Configuration  delay.o
    0x080003c2   0x00000002   PAD
    0x080003c4   0x000000d0   Code   RO         2048    i.GPIO_Configuration  appbase.o
    0x08000494   0x00000040   Code   RO         1300    i.GPIO_EXTILineConfig  stm32f10x_gpio.o
    0x080004d4   0x00000116   Code   RO         1303    i.GPIO_Init         stm32f10x_gpio.o
    0x080005ea   0x00000004   Code   RO         1310    i.GPIO_ResetBits    stm32f10x_gpio.o
    0x080005ee   0x00000004   Code   RO         1311    i.GPIO_SetBits      stm32f10x_gpio.o
    0x080005f2   0x00000004   Code   RO          248    i.HardFault_Handler  stm32f10x_it.o
    0x080005f6   0x00000004   Code   RO          249    i.MemManage_Handler  stm32f10x_it.o
    0x080005fa   0x00000002   Code   RO          250    i.NMI_Handler       stm32f10x_it.o
    0x080005fc   0x00000070   Code   RO          333    i.NVIC_Init         misc.o
    0x0800066c   0x00000014   Code   RO          334    i.NVIC_PriorityGroupConfig  misc.o
    0x08000680   0x00000002   Code   RO          251    i.PendSV_Handler    stm32f10x_it.o
    0x08000682   0x00000002   PAD
    0x08000684   0x00000020   Code   RO         1099    i.RCC_APB1PeriphClockCmd  stm32f10x_rcc.o
    0x080006a4   0x00000020   Code   RO         1101    i.RCC_APB2PeriphClockCmd  stm32f10x_rcc.o
    0x080006c4   0x00000010   Code   RO         2092    i.RCC_Configuration  appbase.o
    0x080006d4   0x000000d4   Code   RO         1109    i.RCC_GetClocksFreq  stm32f10x_rcc.o
    0x080007a8   0x000000b8   Code   RO         1971    i.RS232_USARTx_Config  bsp_usartx.o
    0x08000860   0x000000a4   Code   RO         1972    i.RS485_USARTx_Config  bsp_usartx.o
    0x08000904   0x00000002   Code   RO          252    i.SVC_Handler       stm32f10x_it.o
    0x08000906   0x00000008   Code   RO           24    i.SetSysClock       system_stm32f10x.o
    0x0800090e   0x00000002   PAD
    0x08000910   0x000000e0   Code   RO           25    i.SetSysClockTo72   system_stm32f10x.o
    0x080009f0   0x000000f4   Code   RO         2093    i.Set_Y_Value       appbase.o
    0x08000ae4   0x00000008   Code   RO          253    i.SysTick_Handler   stm32f10x_it.o
    0x08000aec   0x00000060   Code   RO           27    i.SystemInit        system_stm32f10x.o
    0x08000b4c   0x00000050   Code   RO          254    i.TIM6_IRQHandler   stm32f10x_it.o
    0x08000b9c   0x00000006   Code   RO          380    i.TIM_ClearITPendingBit  stm32f10x_tim.o
    0x08000ba2   0x00000018   Code   RO          385    i.TIM_Cmd           stm32f10x_tim.o
    0x08000bba   0x00000022   Code   RO          406    i.TIM_GetITStatus   stm32f10x_tim.o
    0x08000bdc   0x00000012   Code   RO          410    i.TIM_ITConfig      stm32f10x_tim.o
    0x08000bee   0x00000002   PAD
    0x08000bf0   0x000000a4   Code   RO          456    i.TIM_TimeBaseInit  stm32f10x_tim.o
    0x08000c94   0x00000048   Code   RO         1869    i.Timer0_init_quanzhou  delay.o
    0x08000cdc   0x00000038   Code   RO         1641    i.TimingDelay_Decrement  bsp_systick.o
    0x08000d14   0x000001a8   Code   RO         1973    i.USART1_IRQHandler  bsp_usartx.o
    0x08000ebc   0x00000012   Code   RO          917    i.USART_ClearFlag   stm32f10x_usart.o
    0x08000ece   0x0000001e   Code   RO          918    i.USART_ClearITPendingBit  stm32f10x_usart.o
    0x08000eec   0x00000018   Code   RO          921    i.USART_Cmd         stm32f10x_usart.o
    0x08000f04   0x0000001a   Code   RO          924    i.USART_GetFlagStatus  stm32f10x_usart.o
    0x08000f1e   0x00000054   Code   RO          925    i.USART_GetITStatus  stm32f10x_usart.o
    0x08000f72   0x0000004a   Code   RO          927    i.USART_ITConfig    stm32f10x_usart.o
    0x08000fbc   0x000000d8   Code   RO          928    i.USART_Init        stm32f10x_usart.o
    0x08001094   0x00000008   Code   RO         1974    i.USART_ReceiveChar  bsp_usartx.o
    0x0800109c   0x00000006   Code   RO         1975    i.USART_SendChar    bsp_usartx.o
    0x080010a2   0x00000004   Code   RO          255    i.UsageFault_Handler  stm32f10x_it.o
    0x080010a6   0x00000002   PAD
    0x080010a8   0x00000074   Code   RO         2094    i.X1_EXIT_Config    appbase.o
    0x0800111c   0x0000000e   Code   RO         2642    i.__scatterload_copy  mc_w.l(handlers.o)
    0x0800112a   0x00000002   Code   RO         2643    i.__scatterload_null  mc_w.l(handlers.o)
    0x0800112c   0x0000000e   Code   RO         2644    i.__scatterload_zeroinit  mc_w.l(handlers.o)
    0x0800113a   0x0000001e   Code   RO          137    i.main              main.o
    0x08001158   0x00000014   Code   RO          256    i.send_bianliang    stm32f10x_it.o
    0x0800116c   0x00000020   Data   RO         2640    Region$$Table       anon$$obj.o


    Execution Region RW_IRAM1 (Base: 0x20000000, Size: 0x000025c8, Max: 0x0000c000, ABSOLUTE)

    Base Addr    Size         Type   Attr      Idx    E Section Name        Object

    0x20000000   0x00000004   Data   RW          139    .data               main.o
    0x20000004   0x00000004   Data   RW          257    .data               stm32f10x_it.o
    0x20000008   0x00000014   Data   RW         1129    .data               stm32f10x_rcc.o
    0x2000001c   0x00000008   Data   RW         1645    .data               bsp_systick.o
    0x20000024   0x00000009   Data   RW         1980    .data               bsp_usartx.o
    0x2000002d   0x00000003   PAD
    0x20000030   0x00000020   Data   RW         2099    .data               appbase.o
    0x20000050   0x00002000   Zero   RW         1722    .bss                bsp_16jidianqi.o
    0x20002050   0x00000018   Zero   RW         1871    .bss                delay.o
    0x20002068   0x000000c8   Zero   RW         1979    .bss                bsp_usartx.o
    0x20002130   0x00000058   Zero   RW         2098    .bss                appbase.o
    0x20002188   0x0000003e   Zero   RW         2460    .bss                qz_system.o
    0x200021c6   0x00000002   PAD
    0x200021c8   0x00000400   Zero   RW            1    STACK               startup_stm32f10x_hd.o


==============================================================================

Image component sizes


      Code (inc. data)   RO Data    RW Data    ZI Data      Debug   Object Name

       700         60          0         32         88       3806   appbase.o
         0          0          0          0       8192        642   bsp_16jidianqi.o
        56         10          0          8          0       1029   bsp_systick.o
       786         60          0          9        200       4305   bsp_usartx.o
        60          0          0          0          0        631   communication.o
         0          0          0          0          0       4004   core_cm3.o
       218         10          0          0         24       2632   delay.o
        30          0          0          4          0     210151   main.o
       132         22          0          0          0       1531   misc.o
         0          0          0          0         62       1638   qz_system.o
        36          8        304          0       1024        880   startup_stm32f10x_hd.o
       200         18          0          0          0       2104   stm32f10x_exti.o
       350          4          0          0          0       3642   stm32f10x_gpio.o
       132         20          0          4          0       4424   stm32f10x_it.o
       276         32          0         20          0       4410   stm32f10x_rcc.o
       246         42          0          0          0       3538   stm32f10x_tim.o
       472          6          0          0          0       6252   stm32f10x_usart.o
       328         28          0          0          0      45713   system_stm32f10x.o

    ----------------------------------------------------------------------
      4034        320        336         80       9592     301332   Object Totals
         0          0         32          0          0          0   (incl. Generated)
        12          0          0          3          2          0   (incl. Padding)

    ----------------------------------------------------------------------

      Code (inc. data)   RO Data    RW Data    ZI Data      Debug   Library Member Name

         0          0          0          0          0          0   entry.o
         0          0          0          0          0          0   entry10a.o
         0          0          0          0          0          0   entry11a.o
         8          4          0          0          0          0   entry2.o
         4          0          0          0          0          0   entry5.o
         0          0          0          0          0          0   entry7b.o
         0          0          0          0          0          0   entry8b.o
         8          4          0          0          0          0   entry9a.o
        30          0          0          0          0          0   handlers.o
        36          8          0          0          0         68   init.o
        36          0          0          0          0        108   memseta.o

    ----------------------------------------------------------------------
       122         16          0          0          0        176   Library Totals
         0          0          0          0          0          0   (incl. Padding)

    ----------------------------------------------------------------------

      Code (inc. data)   RO Data    RW Data    ZI Data      Debug   Library Name

       122         16          0          0          0        176   mc_w.l

    ----------------------------------------------------------------------
       122         16          0          0          0        176   Library Totals

    ----------------------------------------------------------------------

==============================================================================


      Code (inc. data)   RO Data    RW Data    ZI Data      Debug   

      4156        336        336         80       9592     299060   Grand Totals
      4156        336        336         80       9592     299060   ELF Image Totals
      4156        336        336         80          0          0   ROM Totals

==============================================================================

    Total RO  Size (Code + RO Data)                 4492 (   4.39kB)
    Total RW  Size (RW Data + ZI Data)              9672 (   9.45kB)
    Total ROM Size (Code + RO Data + RW Data)       4572 (   4.46kB)

==============================================================================

